ARM Linker, 5.03 [Build 24] [MDK-ARM Lite]

==============================================================================

Section Cross References

    main.o(i.main) refers to system_stm32f10x.o(i.SystemInit) for SystemInit
    main.o(i.main) refers to delay.o(i.delay_init) for delay_init
    main.o(i.main) refers to usart1.o(i.usart1_init) for usart1_init
    main.o(i.main) refers to usart3.o(i.uart3_init) for uart3_init
    main.o(i.main) refers to oled.o(i.JTAG_Set) for JTAG_Set
    main.o(i.main) refers to led.o(i.led_init) for led_init
    main.o(i.main) refers to key.o(i.KEY_Init) for KEY_Init
    main.o(i.main) refers to adc.o(i.Adc_Init) for Adc_Init
    main.o(i.main) refers to timer.o(i.MiniBalance_PWM_Init) for MiniBalance_PWM_Init
    main.o(i.main) refers to oled.o(i.OLED_Init) for OLED_Init
    main.o(i.main) refers to timer.o(i.Encoder_Init) for Encoder_Init
    main.o(i.main) refers to timer.o(i.Encoder_Init2) for Encoder_Init2
    main.o(i.main) refers to delay.o(i.delay_ms) for delay_ms
    main.o(i.main) refers to ioi2c.o(i.IIC_Init) for IIC_Init
    main.o(i.main) refers to mpu6050.o(i.MPU6050_initialize) for MPU6050_initialize
    main.o(i.main) refers to mpu6050.o(i.DMP_Init) for DMP_Init
    main.o(i.main) refers to timer.o(i.Timer1_Init) for Timer1_Init
    main.o(i.main) refers to mpu6050.o(i.Read_DMP) for Read_DMP
    main.o(i.main) refers to fflti.o(.text) for __aeabi_i2f
    main.o(i.main) refers to mpu6050.o(i.Read_Temperature) for Read_Temperature
    main.o(i.main) refers to show.o(i.DataScope) for DataScope
    main.o(i.main) refers to show.o(i.oled_show) for oled_show
    main.o(i.main) refers to main.o(.data) for .data
    main.o(i.main) refers to mpu6050.o(.data) for Pitch
    stm32f10x_rcc.o(i.RCC_GetClocksFreq) refers to stm32f10x_rcc.o(.data) for .data
    stm32f10x_rcc.o(i.RCC_WaitForHSEStartUp) refers to stm32f10x_rcc.o(i.RCC_GetFlagStatus) for RCC_GetFlagStatus
    stm32f10x_gpio.o(i.GPIO_AFIODeInit) refers to stm32f10x_rcc.o(i.RCC_APB2PeriphResetCmd) for RCC_APB2PeriphResetCmd
    stm32f10x_gpio.o(i.GPIO_DeInit) refers to stm32f10x_rcc.o(i.RCC_APB2PeriphResetCmd) for RCC_APB2PeriphResetCmd
    stm32f10x_usart.o(i.USART_DeInit) refers to stm32f10x_rcc.o(i.RCC_APB2PeriphResetCmd) for RCC_APB2PeriphResetCmd
    stm32f10x_usart.o(i.USART_DeInit) refers to stm32f10x_rcc.o(i.RCC_APB1PeriphResetCmd) for RCC_APB1PeriphResetCmd
    stm32f10x_usart.o(i.USART_Init) refers to stm32f10x_rcc.o(i.RCC_GetClocksFreq) for RCC_GetClocksFreq
    system_stm32f10x.o(i.SystemCoreClockUpdate) refers to system_stm32f10x.o(.data) for .data
    system_stm32f10x.o(i.SystemInit) refers to system_stm32f10x.o(i.SetSysClockTo72) for SetSysClockTo72
    startup_stm32f10x_hd_vl.o(RESET) refers to startup_stm32f10x_hd_vl.o(STACK) for __initial_sp
    startup_stm32f10x_hd_vl.o(RESET) refers to startup_stm32f10x_hd_vl.o(.text) for Reset_Handler
    startup_stm32f10x_hd_vl.o(RESET) refers to stm32f10x_it.o(i.NMI_Handler) for NMI_Handler
    startup_stm32f10x_hd_vl.o(RESET) refers to stm32f10x_it.o(i.HardFault_Handler) for HardFault_Handler
    startup_stm32f10x_hd_vl.o(RESET) refers to stm32f10x_it.o(i.MemManage_Handler) for MemManage_Handler
    startup_stm32f10x_hd_vl.o(RESET) refers to stm32f10x_it.o(i.BusFault_Handler) for BusFault_Handler
    startup_stm32f10x_hd_vl.o(RESET) refers to stm32f10x_it.o(i.UsageFault_Handler) for UsageFault_Handler
    startup_stm32f10x_hd_vl.o(RESET) refers to stm32f10x_it.o(i.SVC_Handler) for SVC_Handler
    startup_stm32f10x_hd_vl.o(RESET) refers to stm32f10x_it.o(i.DebugMon_Handler) for DebugMon_Handler
    startup_stm32f10x_hd_vl.o(RESET) refers to stm32f10x_it.o(i.PendSV_Handler) for PendSV_Handler
    startup_stm32f10x_hd_vl.o(RESET) refers to stm32f10x_it.o(i.SysTick_Handler) for SysTick_Handler
    startup_stm32f10x_hd_vl.o(RESET) refers to minibalance.o(i.TIM1_UP_TIM16_IRQHandler) for TIM1_UP_TIM16_IRQHandler
    startup_stm32f10x_hd_vl.o(RESET) refers to timer.o(i.TIM2_IRQHandler) for TIM2_IRQHandler
    startup_stm32f10x_hd_vl.o(RESET) refers to timer.o(i.TIM4_IRQHandler) for TIM4_IRQHandler
    startup_stm32f10x_hd_vl.o(RESET) refers to usart1.o(i.USART1_IRQHandler) for USART1_IRQHandler
    startup_stm32f10x_hd_vl.o(RESET) refers to usart3.o(i.USART3_IRQHandler) for USART3_IRQHandler
    startup_stm32f10x_hd_vl.o(.text) refers to system_stm32f10x.o(i.SystemInit) for SystemInit
    startup_stm32f10x_hd_vl.o(.text) refers to entry.o(.ARM.Collect$$$$00000000) for __main
    led.o(i.Led_Flash) refers to led.o(.data) for .data
    usart1.o(i.USART1_IRQHandler) refers to stm32f10x_usart.o(i.USART_GetITStatus) for USART_GetITStatus
    usart1.o(i.USART1_IRQHandler) refers to usart1.o(i.usart1_receive) for usart1_receive
    usart1.o(i.usart1_init) refers to stm32f10x_rcc.o(i.RCC_APB2PeriphClockCmd) for RCC_APB2PeriphClockCmd
    usart1.o(i.usart1_init) refers to stm32f10x_gpio.o(i.GPIO_Init) for GPIO_Init
[...]
    i.GPIO_SetBits                           0x0800126e   Section        0  stm32f10x_gpio.o(i.GPIO_SetBits)
    i.Get_Adc                                0x08001274   Section        0  adc.o(i.Get_Adc)
    i.Get_Angle                              0x080012a8   Section        0  minibalance.o(i.Get_Angle)
    i.Get_battery_volt                       0x08001408   Section        0  adc.o(i.Get_battery_volt)
    i.HardFault_Handler                      0x08001470   Section        0  stm32f10x_it.o(i.HardFault_Handler)
    i.I2C_ReadOneByte                        0x08001472   Section        0  ioi2c.o(i.I2C_ReadOneByte)
    i.IIC_Ack                                0x080014b0   Section        0  ioi2c.o(i.IIC_Ack)
    i.IIC_Init                               0x080014e8   Section        0  ioi2c.o(i.IIC_Init)
    i.IIC_NAck                               0x08001514   Section        0  ioi2c.o(i.IIC_NAck)
    i.IIC_Read_Byte                          0x0800154c   Section        0  ioi2c.o(i.IIC_Read_Byte)
    i.IIC_Send_Byte                          0x080015b8   Section        0  ioi2c.o(i.IIC_Send_Byte)
    i.IIC_Start                              0x08001618   Section        0  ioi2c.o(i.IIC_Start)
    i.IIC_Stop                               0x08001668   Section        0  ioi2c.o(i.IIC_Stop)
    i.IIC_Wait_Ack                           0x080016a0   Section        0  ioi2c.o(i.IIC_Wait_Ack)
    i.IICreadByte                            0x080016f8   Section        0  ioi2c.o(i.IICreadByte)
    i.IICwriteBit                            0x08001706   Section        0  ioi2c.o(i.IICwriteBit)
    i.IICwriteBits                           0x08001738   Section        0  ioi2c.o(i.IICwriteBits)
    i.IICwriteByte                           0x0800178c   Section        0  ioi2c.o(i.IICwriteByte)
    i.IICwriteBytes                          0x08001798   Section        0  ioi2c.o(i.IICwriteBytes)
    i.JTAG_Set                               0x080017dc   Section        0  oled.o(i.JTAG_Set)
    i.KEY_Init                               0x08001804   Section        0  key.o(i.KEY_Init)
    i.Kalman_Filter                          0x0800182c   Section        0  filter.o(i.Kalman_Filter)
    i.Led_Flash                              0x08001990   Section        0  led.o(i.Led_Flash)
    i.MPU6050_initialize                     0x080019b4   Section        0  mpu6050.o(i.MPU6050_initialize)
    i.MPU6050_setClockSource                 0x080019de   Section        0  mpu6050.o(i.MPU6050_setClockSource)
    i.MPU6050_setFullScaleAccelRange         0x080019f0   Section        0  mpu6050.o(i.MPU6050_setFullScaleAccelRange)
    i.MPU6050_setFullScaleGyroRange          0x08001a02   Section        0  mpu6050.o(i.MPU6050_setFullScaleGyroRange)
    i.MPU6050_setI2CBypassEnabled            0x08001a14   Section        0  mpu6050.o(i.MPU6050_setI2CBypassEnabled)
    i.MPU6050_setI2CMasterModeEnabled        0x08001a20   Section        0  mpu6050.o(i.MPU6050_setI2CMasterModeEnabled)
    i.MPU6050_setSleepEnabled                0x08001a2c   Section        0  mpu6050.o(i.MPU6050_setSleepEnabled)
    i.MY_NVIC_Init                           0x08001a38   Section        0  timer.o(i.MY_NVIC_Init)
    i.MY_NVIC_PriorityGroupConfig            0x08001a6c   Section        0  timer.o(i.MY_NVIC_PriorityGroupConfig)
    i.MemManage_Handler                      0x08001a90   Section        0  stm32f10x_it.o(i.MemManage_Handler)
    i.MiniBalance_PWM_Init                   0x08001a94   Section        0  timer.o(i.MiniBalance_PWM_Init)
    i.NMI_Handler                            0x08001b2c   Section        0  stm32f10x_it.o(i.NMI_Handler)
    i.NVIC_Init                              0x08001b30   Section        0  misc.o(i.NVIC_Init)
    i.OLED_Clear                             0x08001b94   Section        0  oled.o(i.OLED_Clear)
    i.OLED_Display_Off                       0x08001bc0   Section        0  oled.o(i.OLED_Display_Off)
    i.OLED_Display_On                        0x08001bde   Section        0  oled.o(i.OLED_Display_On)
    i.OLED_DrawPoint                         0x08001bfc   Section        0  oled.o(i.OLED_DrawPoint)
    i.OLED_Fill                              0x08001c38   Section        0  oled.o(i.OLED_Fill)
    i.OLED_Init                              0x08001c70   Section        0  oled.o(i.OLED_Init)
    i.OLED_Refresh_Gram                      0x08001dd0   Section        0  oled.o(i.OLED_Refresh_Gram)
    i.OLED_ShowChar                          0x08001e1c   Section        0  oled.o(i.OLED_ShowChar)
    i.OLED_ShowNumber                        0x08001eac   Section        0  oled.o(i.OLED_ShowNumber)
    i.OLED_ShowString                        0x08001f24   Section        0  oled.o(i.OLED_ShowString)
    i.OLED_WR_Byte                           0x08001f64   Section        0  oled.o(i.OLED_WR_Byte)
    i.PendSV_Handler                         0x08001fcc   Section        0  stm32f10x_it.o(i.PendSV_Handler)
    i.RCC_APB2PeriphClockCmd                 0x08001fd0   Section        0  stm32f10x_rcc.o(i.RCC_APB2PeriphClockCmd)
    i.RCC_GetClocksFreq                      0x08001fe8   Section        0  stm32f10x_rcc.o(i.RCC_GetClocksFreq)
    i.Read_DMP                               0x0800207c   Section        0  mpu6050.o(i.Read_DMP)
    i.Read_Temperature                       0x08002130   Section        0  mpu6050.o(i.Read_Temperature)
    i.SVC_Handler                            0x08002190   Section        0  stm32f10x_it.o(i.SVC_Handler)
    i.SetSysClockTo72                        0x08002194   Section        0  system_stm32f10x.o(i.SetSysClockTo72)
    SetSysClockTo72                          0x08002195   Thumb Code   160  system_stm32f10x.o(i.SetSysClockTo72)
    i.Set_Pwm                                0x0800223c   Section        0  minibalance.o(i.Set_Pwm)
    i.SysTick_Handler                        0x08002294   Section        0  stm32f10x_it.o(i.SysTick_Handler)
    i.SystemInit                             0x08002298   Section        0  system_stm32f10x.o(i.SystemInit)
    i.TIM1_UP_TIM16_IRQHandler               0x080022e8   Section        0  minibalance.o(i.TIM1_UP_TIM16_IRQHandler)
    i.TIM2_IRQHandler                        0x080023a8   Section        0  timer.o(i.TIM2_IRQHandler)
    i.TIM4_IRQHandler                        0x080023b8   Section        0  timer.o(i.TIM4_IRQHandler)
    i.Timer1_Init                            0x080023cc   Section        0  timer.o(i.Timer1_Init)
    i.Turn_Off                               0x08002414   Section        0  minibalance.o(i.Turn_Off)
    i.USART1_IRQHandler                      0x0800245c   Section        0  usart1.o(i.USART1_IRQHandler)
    i.USART3_IRQHandler                      0x0800248c   Section        0  usart3.o(i.USART3_IRQHandler)
    i.USART_ClearFlag                        0x08002598   Section        0  stm32f10x_usart.o(i.USART_ClearFlag)
    i.USART_Cmd                              0x0800259e   Section        0  stm32f10x_usart.o(i.USART_Cmd)
    i.USART_GetITStatus                      0x080025b2   Section        0  stm32f10x_usart.o(i.USART_GetITStatus)
    i.USART_ITConfig                         0x080025f0   Section        0  stm32f10x_usart.o(i.USART_ITConfig)
    i.USART_Init                             0x08002620   Section        0  stm32f10x_usart.o(i.USART_Init)
    i.UsageFault_Handler                     0x080026d4   Section        0  stm32f10x_it.o(i.UsageFault_Handler)
    i.Xianfu_Pwm                             0x080026d8   Section        0  minibalance.o(i.Xianfu_Pwm)
    i.Yijielvbo                              0x0800270c   Section        0  filter.o(i.Yijielvbo)
    i.__0printf$1                            0x08002780   Section        0  printf1.o(i.__0printf$1)
    i.__ARM_fpclassify                       0x080027a0   Section        0  fpclassify.o(i.__ARM_fpclassify)
    i.__kernel_poly                          0x080027c8   Section        0  poly.o(i.__kernel_poly)
    i.__mathlib_dbl_underflow                0x08002874   Section        0  dunder.o(i.__mathlib_dbl_underflow)
    i.__scatterload_copy                     0x08002884   Section       14  handlers.o(i.__scatterload_copy)
    i.__scatterload_null                     0x08002892   Section        2  handlers.o(i.__scatterload_null)
    i.__scatterload_zeroinit                 0x08002894   Section       14  handlers.o(i.__scatterload_zeroinit)
    i.__set_errno                            0x080028a4   Section        0  errno.o(i.__set_errno)
    i._printf_core                           0x080028b0   Section        0  printf1.o(i._printf_core)
    _printf_core                             0x080028b1   Thumb Code   334  printf1.o(i._printf_core)
    i.accel_self_test                        0x08002a04   Section        0  inv_mpu.o(i.accel_self_test)
    accel_self_test                          0x08002a05   Thumb Code   114  inv_mpu.o(i.accel_self_test)
    i.asin                                   0x08002a84   Section        0  asin.o(i.asin)
    i.atan                                   0x08002d00   Section        0  atan.o(i.atan)
    i.atan2                                  0x08002f24   Section        0  atan2.o(i.atan2)
    i.balance                                0x080030a4   Section        0  minibalance.o(i.balance)
    i.delay_init                             0x08003130   Section        0  delay.o(i.delay_init)
    i.delay_ms                               0x0800315c   Section        0  delay.o(i.delay_ms)
    i.delay_us                               0x08003184   Section        0  delay.o(i.delay_us)
    i.dmp_enable_6x_lp_quat                  0x080031ac   Section        0  inv_mpu_dmp_motion_driver.o(i.dmp_enable_6x_lp_quat)
    i.dmp_enable_feature                     0x080031e8   Section        0  inv_mpu_dmp_motion_driver.o(i.dmp_enable_feature)
    i.dmp_enable_gyro_cal                    0x080033c0   Section        0  inv_mpu_dmp_motion_driver.o(i.dmp_enable_gyro_cal)
    i.dmp_enable_lp_quat                     0x08003404   Section        0  inv_mpu_dmp_motion_driver.o(i.dmp_enable_lp_quat)
    i.dmp_load_motion_driver_firmware        0x08003440   Section        0  inv_mpu_dmp_motion_driver.o(i.dmp_load_motion_driver_firmware)
    i.dmp_read_fifo                          0x08003454   Section        0  inv_mpu_dmp_motion_driver.o(i.dmp_read_fifo)
    i.dmp_set_accel_bias                     0x08003598   Section        0  inv_mpu_dmp_motion_driver.o(i.dmp_set_accel_bias)
    i.dmp_set_fifo_rate                      0x08003678   Section        0  inv_mpu_dmp_motion_driver.o(i.dmp_set_fifo_rate)
    i.dmp_set_gyro_bias                      0x080036dc   Section        0  inv_mpu_dmp_motion_driver.o(i.dmp_set_gyro_bias)
    i.dmp_set_orientation                    0x080037ac   Section        0  inv_mpu_dmp_motion_driver.o(i.dmp_set_orientation)
    i.dmp_set_shake_reject_thresh            0x080038b8   Section        0  inv_mpu_dmp_motion_driver.o(i.dmp_set_shake_reject_thresh)
    i.dmp_set_shake_reject_time              0x080038e8   Section        0  inv_mpu_dmp_motion_driver.o(i.dmp_set_shake_reject_time)
    i.dmp_set_shake_reject_timeout           0x08003908   Section        0  inv_mpu_dmp_motion_driver.o(i.dmp_set_shake_reject_timeout)
    i.dmp_set_tap_axes                       0x08003928   Section        0  inv_mpu_dmp_motion_driver.o(i.dmp_set_tap_axes)
    i.dmp_set_tap_count                      0x08003968   Section        0  inv_mpu_dmp_motion_driver.o(i.dmp_set_tap_count)
    i.dmp_set_tap_thresh                     0x0800398c   Section        0  inv_mpu_dmp_motion_driver.o(i.dmp_set_tap_thresh)
    i.dmp_set_tap_time                       0x08003ab4   Section        0  inv_mpu_dmp_motion_driver.o(i.dmp_set_tap_time)
    i.dmp_set_tap_time_multi                 0x08003ad4   Section        0  inv_mpu_dmp_motion_driver.o(i.dmp_set_tap_time_multi)
    i.fputc                                  0x08003af4   Section        0  usart1.o(i.fputc)
    i.get_accel_prod_shift                   0x08003b08   Section        0  inv_mpu.o(i.get_accel_prod_shift)
    get_accel_prod_shift                     0x08003b09   Thumb Code   158  inv_mpu.o(i.get_accel_prod_shift)
    i.get_ms                                 0x08003bb4   Section        0  delay.o(i.get_ms)
    i.get_st_biases                          0x08003bb8   Section        0  inv_mpu.o(i.get_st_biases)
    get_st_biases                            0x08003bb9   Thumb Code   784  inv_mpu.o(i.get_st_biases)
    i.gyro_self_test                         0x08003ecc   Section        0  inv_mpu.o(i.gyro_self_test)
    gyro_self_test                           0x08003ecd   Thumb Code   190  inv_mpu.o(i.gyro_self_test)
    i.i2cRead                                0x08003fa0   Section        0  ioi2c.o(i.i2cRead)
    i.i2cWrite                               0x08004010   Section        0  ioi2c.o(i.i2cWrite)
    i.inv_row_2_scale                        0x08004064   Section        0  mpu6050.o(i.inv_row_2_scale)
    inv_row_2_scale                          0x08004065   Thumb Code    72  mpu6050.o(i.inv_row_2_scale)
    i.key                                    0x080040ac   Section        0  key.o(i.key)
    i.led_init                               0x08004134   Section        0  led.o(i.led_init)
    i.main                                   0x0800415c   Section        0  main.o(i.main)
    i.mpu_configure_fifo                     0x08004220   Section        0  inv_mpu.o(i.mpu_configure_fifo)
    i.mpu_get_accel_fsr                      0x08004274   Section        0  inv_mpu.o(i.mpu_get_accel_fsr)
    i.mpu_get_accel_sens                     0x080042b0   Section        0  inv_mpu.o(i.mpu_get_accel_sens)
    i.mpu_get_gyro_fsr                       0x080042f4   Section        0  inv_mpu.o(i.mpu_get_gyro_fsr)
    i.mpu_get_gyro_sens                      0x08004328   Section        0  inv_mpu.o(i.mpu_get_gyro_sens)
    i.mpu_get_lpf                            0x08004368   Section        0  inv_mpu.o(i.mpu_get_lpf)
    i.mpu_get_sample_rate                    0x080043a0   Section        0  inv_mpu.o(i.mpu_get_sample_rate)
    i.mpu_init                               0x080043bc   Section        0  inv_mpu.o(i.mpu_init)
    i.mpu_load_firmware                      0x08004544   Section        0  inv_mpu.o(i.mpu_load_firmware)
    i.mpu_lp_accel_mode                      0x080045e4   Section        0  inv_mpu.o(i.mpu_lp_accel_mode)
    i.mpu_read_fifo_stream                   0x0800469c   Section        0  inv_mpu.o(i.mpu_read_fifo_stream)
    i.mpu_read_mem                           0x0800472c   Section        0  inv_mpu.o(i.mpu_read_mem)
    i.mpu_reset_fifo                         0x08004780   Section        0  inv_mpu.o(i.mpu_reset_fifo)
    i.mpu_run_self_test                      0x080048d0   Section        0  inv_mpu.o(i.mpu_run_self_test)
    i.mpu_set_accel_fsr                      0x080049c0   Section        0  inv_mpu.o(i.mpu_set_accel_fsr)
    i.mpu_set_bypass                         0x08004a28   Section        0  inv_mpu.o(i.mpu_set_bypass)
    i.mpu_set_dmp_state                      0x08004b04   Section        0  inv_mpu.o(i.mpu_set_dmp_state)
    i.mpu_set_gyro_fsr                       0x08004b7c   Section        0  inv_mpu.o(i.mpu_set_gyro_fsr)
    i.mpu_set_int_latched                    0x08004be8   Section        0  inv_mpu.o(i.mpu_set_int_latched)
    i.mpu_set_lpf                            0x08004c4c   Section        0  inv_mpu.o(i.mpu_set_lpf)
    i.mpu_set_sample_rate                    0x08004cb8   Section        0  inv_mpu.o(i.mpu_set_sample_rate)
    i.mpu_set_sensors                        0x08004d38   Section        0  inv_mpu.o(i.mpu_set_sensors)
    i.mpu_write_mem                          0x08004df0   Section        0  inv_mpu.o(i.mpu_write_mem)
    i.myabs                                  0x08004e44   Section        0  timer.o(i.myabs)
    i.oled_pow                               0x08004e4c   Section        0  oled.o(i.oled_pow)
    i.oled_show                              0x08004e60   Section        0  show.o(i.oled_show)
    i.readEncoder                            0x080050c0   Section        0  minibalance.o(i.readEncoder)
    i.run_self_test                          0x080050fc   Section        0  mpu6050.o(i.run_self_test)
    run_self_test                            0x080050fd   Thumb Code   128  mpu6050.o(i.run_self_test)
    i.set_int_enable                         0x080051a0   Section        0  inv_mpu.o(i.set_int_enable)
    set_int_enable                           0x080051a1   Thumb Code    84  inv_mpu.o(i.set_int_enable)
    i.sqrt                                   0x080051f8   Section        0  sqrt.o(i.sqrt)
    i.turn                                   0x08005248   Section        0  minibalance.o(i.turn)
    i.uart3_init                             0x08005364   Section        0  usart3.o(i.uart3_init)
    i.usart1_init                            0x08005428   Section        0  usart1.o(i.usart1_init)
    i.usart1_receive                         0x080054d4   Section        0  usart1.o(i.usart1_receive)
    i.velocity                               0x080054ec   Section        0  minibalance.o(i.velocity)
    .constdata                               0x080055e0   Section       12  inv_mpu.o(.constdata)
    .constdata                               0x080055ec   Section       27  inv_mpu.o(.constdata)
    .constdata                               0x08005608   Section       40  inv_mpu.o(.constdata)
    .constdata                               0x08005630   Section       78  inv_mpu.o(.constdata)
    .constdata                               0x0800567e   Section     3062  inv_mpu_dmp_motion_driver.o(.constdata)
    dmp_memory                               0x0800567e   Data        3062  inv_mpu_dmp_motion_driver.o(.constdata)
    .constdata                               0x08006274   Section     2660  oled.o(.constdata)
    .constdata                               0x08006cd8   Section       80  asin.o(.constdata)
    pS                                       0x08006cd8   Data          48  asin.o(.constdata)
    qS                                       0x08006d08   Data          32  asin.o(.constdata)
    .constdata                               0x08006d28   Section      152  atan.o(.constdata)
    atanhi                                   0x08006d28   Data          32  atan.o(.constdata)
    atanlo                                   0x08006d48   Data          32  atan.o(.constdata)
    aTodd                                    0x08006d68   Data          40  atan.o(.constdata)
    aTeven                                   0x08006d90   Data          48  atan.o(.constdata)
    .constdata                               0x08006dc0   Section        8  qnan.o(.constdata)
    .data                                    0x20000000   Section       24  main.o(.data)
    .data                                    0x20000018   Section        1  main.o(.data)
    .data                                    0x20000019   Section        1  main.o(.data)
    .data                                    0x2000001a   Section        1  main.o(.data)
    .data                                    0x2000001b   Section        1  main.o(.data)
    .data                                    0x2000001c   Section        4  main.o(.data)
    .data                                    0x20000020   Section        4  main.o(.data)
    .data                                    0x20000024   Section        4  main.o(.data)
    .data                                    0x20000028   Section        4  main.o(.data)
    .data                                    0x2000002c   Section        4  main.o(.data)
    .data                                    0x20000030   Section       20  stm32f10x_rcc.o(.data)
    ADCPrescTable                            0x20000030   Data           4  stm32f10x_rcc.o(.data)
    APBAHBPrescTable                         0x20000034   Data          16  stm32f10x_rcc.o(.data)
    .data                                    0x20000044   Section        4  led.o(.data)
    temp                                     0x20000044   Data           4  led.o(.data)
    .data                                    0x20000048   Section        4  delay.o(.data)
    fac_us                                   0x20000048   Data           1  delay.o(.data)
    fac_ms                                   0x2000004a   Data           2  delay.o(.data)
    .data                                    0x2000004c   Section       44  inv_mpu.o(.data)
    st                                       0x2000004c   Data          44  inv_mpu.o(.data)
    .data                                    0x20000078   Section       45  mpu6050.o(.data)
    gyro_orientation                         0x2000009c   Data           9  mpu6050.o(.data)
    .data                                    0x200000a8   Section       20  usart3.o(.data)
    uart_receive                             0x200000b0   Data           4  usart3.o(.data)
    .data                                    0x200000bc   Section        6  key.o(.data)
    flag_key                                 0x200000bc   Data           1  key.o(.data)
    count_key                                0x200000bd   Data           1  key.o(.data)
    double_key                               0x200000be   Data           1  key.o(.data)
    count_single                             0x200000c0   Data           2  key.o(.data)
    .data                                    0x200000c4   Section        4  adc.o(.data)
    Voltage_temp                             0x200000c4   Data           4  adc.o(.data)
    .data                                    0x200000c8   Section       84  filter.o(.data)
    .data                                    0x2000011c   Section        8  show.o(.data)
    Count                                    0x20000120   Data           4  show.o(.data)
    .data                                    0x20000124   Section       68  minibalance.o(.data)
    ba_sum                                   0x20000124   Data           4  minibalance.o(.data)
    ba_i                                     0x20000128   Data           4  minibalance.o(.data)
    ba_ii                                    0x2000012c   Data           4  minibalance.o(.data)
    Velocity                                 0x20000130   Data           4  minibalance.o(.data)
    Encoder_Least                            0x20000134   Data           4  minibalance.o(.data)
    Encoder                                  0x20000138   Data           4  minibalance.o(.data)
    Movement                                 0x2000013c   Data           4  minibalance.o(.data)
    Encoder_Integral                         0x20000140   Data           4  minibalance.o(.data)
    Turn_Target                              0x20000144   Data           4  minibalance.o(.data)
    Turn                                     0x20000148   Data           4  minibalance.o(.data)
    Encoder_temp                             0x2000014c   Data           4  minibalance.o(.data)
    Turn_Convert                             0x20000150   Data           4  minibalance.o(.data)
    Turn_Count                               0x20000154   Data           4  minibalance.o(.data)
    Turn_Bias_Integral                       0x20000158   Data           4  minibalance.o(.data)
    .data                                    0x20000168   Section        4  stdout.o(.data)
    .data                                    0x2000016c   Section        4  errno.o(.data)
    _errno                                   0x2000016c   Data           4  errno.o(.data)
    .bss                                     0x20000170   Section       16  inv_mpu_dmp_motion_driver.o(.bss)
    dmp                                      0x20000170   Data          16  inv_mpu_dmp_motion_driver.o(.bss)
    .bss                                     0x20000180   Section     1024  oled.o(.bss)
    .bss                                     0x20000580   Section       16  filter.o(.bss)
    .bss                                     0x20000590   Section       42  datascope_dp.o(.bss)
    .bss                                     0x200005bc   Section       40  minibalance.o(.bss)
    eI                                       0x200005bc   Data          40  minibalance.o(.bss)
    STACK                                    0x200005e8   Section     1024  startup_stm32f10x_hd_vl.o(STACK)

    Global Symbols

    Symbol Name                              Value     Ov Type        Size  Object(Section)

    BuildAttributes$$THM_ISAv4$P$D$K$B$S$PE$A:L22UL41UL21$X:L11$S22US41US21$IEEE1$IW$USESV6$~STKCKD$USESV7$~SHL$OTIME$ROPI$IEEEX$EBA8$MICROLIB$REQ8$PRES8$EABIv2 0x00000000   Number         0  anon$$obj.o ABSOLUTE
    __ARM_use_no_argv                        0x00000000   Number         0  main.o ABSOLUTE
    _printf_a                                0x00000000   Number         0  stubs.o ABSOLUTE
    _printf_c                                0x00000000   Number         0  stubs.o ABSOLUTE
    _printf_charcount                        0x00000000   Number         0  stubs.o ABSOLUTE
    _printf_d                                0x00000000   Number         0  stubs.o ABSOLUTE
    _printf_e                                0x00000000   Number         0  stubs.o ABSOLUTE
    _printf_f                                0x00000000   Number         0  stubs.o ABSOLUTE
    _printf_flags                            0x00000000   Number         0  stubs.o ABSOLUTE
    _printf_fp_dec                           0x00000000   Number         0  stubs.o ABSOLUTE
    _printf_fp_hex                           0x00000000   Number         0  stubs.o ABSOLUTE
    _printf_g                                0x00000000   Number         0  stubs.o ABSOLUTE
    _printf_i                                0x00000000   Number         0  stubs.o ABSOLUTE
    _printf_int_dec                          0x00000000   Number         0  stubs.o ABSOLUTE
    _printf_l                                0x00000000   Number         0  stubs.o ABSOLUTE
    _printf_lc                               0x00000000   Number         0  stubs.o ABSOLUTE
    _printf_ll                               0x00000000   Number         0  stubs.o ABSOLUTE
    _printf_lld                              0x00000000   Number         0  stubs.o ABSOLUTE
    _printf_lli                              0x00000000   Number         0  stubs.o ABSOLUTE
    _printf_llo                              0x00000000   Number         0  stubs.o ABSOLUTE
    _printf_llu                              0x00000000   Number         0  stubs.o ABSOLUTE
    _printf_llx                              0x00000000   Number         0  stubs.o ABSOLUTE
    _printf_longlong_dec                     0x00000000   Number         0  stubs.o ABSOLUTE
    _printf_longlong_hex                     0x00000000   Number         0  stubs.o ABSOLUTE
    _printf_longlong_oct                     0x00000000   Number         0  stubs.o ABSOLUTE
    _printf_ls                               0x00000000   Number         0  stubs.o ABSOLUTE
    _printf_mbtowc                           0x00000000   Number         0  stubs.o ABSOLUTE
    _printf_n                                0x00000000   Number         0  stubs.o ABSOLUTE
    _printf_o                                0x00000000   Number         0  stubs.o ABSOLUTE
    _printf_p                                0x00000000   Number         0  stubs.o ABSOLUTE
    _printf_percent                          0x00000000   Number         0  stubs.o ABSOLUTE
    _printf_pre_padding                      0x00000000   Number         0  stubs.o ABSOLUTE
    _printf_return_value                     0x00000000   Number         0  stubs.o ABSOLUTE
    _printf_s                                0x00000000   Number         0  stubs.o ABSOLUTE
    _printf_sizespec                         0x00000000   Number         0  stubs.o ABSOLUTE
    _printf_str                              0x00000000   Number         0  stubs.o ABSOLUTE
    _printf_truncate_signed                  0x00000000   Number         0  stubs.o ABSOLUTE
    _printf_truncate_unsigned                0x00000000   Number         0  stubs.o ABSOLUTE
    _printf_u                                0x00000000   Number         0  stubs.o ABSOLUTE
    _printf_wc                               0x00000000   Number         0  stubs.o ABSOLUTE
    _printf_wctomb                           0x00000000   Number         0  stubs.o ABSOLUTE
    _printf_widthprec                        0x00000000   Number         0  stubs.o ABSOLUTE
    _printf_x                                0x00000000   Number         0  stubs.o ABSOLUTE
    __cpp_initialize__aeabi_                  - Undefined Weak Reference
    __cxa_finalize                            - Undefined Weak Reference
    _clock_init                               - Undefined Weak Reference
    _microlib_exit                            - Undefined Weak Reference
    __Vectors_Size                           0x00000134   Number         0  startup_stm32f10x_hd_vl.o ABSOLUTE
    __Vectors                                0x08000000   Data           4  startup_stm32f10x_hd_vl.o(RESET)
    __Vectors_End                            0x08000134   Data           0  startup_stm32f10x_hd_vl.o(RESET)
    __main                                   0x08000135   Thumb Code     0  entry.o(.ARM.Collect$$$$00000000)
    _main_stk                                0x08000135   Thumb Code     0  entry2.o(.ARM.Collect$$$$00000001)
    _main_scatterload                        0x08000139   Thumb Code     0  entry5.o(.ARM.Collect$$$$00000004)
    __main_after_scatterload                 0x0800013d   Thumb Code     0  entry5.o(.ARM.Collect$$$$00000004)
    _main_clock                              0x0800013d   Thumb Code     0  entry7b.o(.ARM.Collect$$$$00000008)
    _main_cpp_init                           0x0800013d   Thumb Code     0  entry8b.o(.ARM.Collect$$$$0000000A)
    _main_init                               0x0800013d   Thumb Code     0  entry9a.o(.ARM.Collect$$$$0000000B)
    __rt_final_cpp                           0x08000145   Thumb Code     0  entry10a.o(.ARM.Collect$$$$0000000D)
    __rt_final_exit                          0x08000145   Thumb Code     0  entry11a.o(.ARM.Collect$$$$0000000F)
    Reset_Handler                            0x08000149   Thumb Code     8  startup_stm32f10x_hd_vl.o(.text)
    ADC1_IRQHandler                          0x08000163   Thumb Code     0  startup_stm32f10x_hd_vl.o(.text)
    CEC_IRQHandler                           0x08000163   Thumb Code     0  startup_stm32f10x_hd_vl.o(.text)
    DMA1_Channel1_IRQHandler                 0x08000163   Thumb Code     0  startup_stm32f10x_hd_vl.o(.text)
    DMA1_Channel2_IRQHandler                 0x08000163   Thumb Code     0  startup_stm32f10x_hd_vl.o(.text)
    DMA1_Channel3_IRQHandler                 0x08000163   Thumb Code     0  startup_stm32f10x_hd_vl.o(.text)
    DMA1_Channel4_IRQHandler                 0x08000163   Thumb Code     0  startup_stm32f10x_hd_vl.o(.text)
    DMA1_Channel5_IRQHandler                 0x08000163   Thumb Code     0  startup_stm32f10x_hd_vl.o(.text)
    DMA1_Channel6_IRQHandler                 0x08000163   Thumb Code     0  startup_stm32f10x_hd_vl.o(.text)
    DMA1_Channel7_IRQHandler                 0x08000163   Thumb Code     0  startup_stm32f10x_hd_vl.o(.text)
    DMA2_Channel1_IRQHandler                 0x08000163   Thumb Code     0  startup_stm32f10x_hd_vl.o(.text)
    DMA2_Channel2_IRQHandler                 0x08000163   Thumb Code     0  startup_stm32f10x_hd_vl.o(.text)
    DMA2_Channel3_IRQHandler                 0x08000163   Thumb Code     0  startup_stm32f10x_hd_vl.o(.text)
    DMA2_Channel4_5_IRQHandler               0x08000163   Thumb Code     0  startup_stm32f10x_hd_vl.o(.text)
    DMA2_Channel5_IRQHandler                 0x08000163   Thumb Code     0  startup_stm32f10x_hd_vl.o(.text)
    EXTI0_IRQHandler                         0x08000163   Thumb Code     0  startup_stm32f10x_hd_vl.o(.text)
    EXTI15_10_IRQHandler                     0x08000163   Thumb Code     0  startup_stm32f10x_hd_vl.o(.text)
    EXTI1_IRQHandler                         0x08000163   Thumb Code     0  startup_stm32f10x_hd_vl.o(.text)
    EXTI2_IRQHandler                         0x08000163   Thumb Code     0  startup_stm32f10x_hd_vl.o(.text)
    EXTI3_IRQHandler                         0x08000163   Thumb Code     0  startup_stm32f10x_hd_vl.o(.text)
    EXTI4_IRQHandler                         0x08000163   Thumb Code     0  startup_stm32f10x_hd_vl.o(.text)
    EXTI9_5_IRQHandler                       0x08000163   Thumb Code     0  startup_stm32f10x_hd_vl.o(.text)
    FLASH_IRQHandler                         0x08000163   Thumb Code     0  startup_stm32f10x_hd_vl.o(.text)
    I2C1_ER_IRQHandler                       0x08000163   Thumb Code     0  startup_stm32f10x_hd_vl.o(.text)
    I2C1_EV_IRQHandler                       0x08000163   Thumb Code     0  startup_stm32f10x_hd_vl.o(.text)
    I2C2_ER_IRQHandler                       0x08000163   Thumb Code     0  startup_stm32f10x_hd_vl.o(.text)
    I2C2_EV_IRQHandler                       0x08000163   Thumb Code     0  startup_stm32f10x_hd_vl.o(.text)
    PVD_IRQHandler                           0x08000163   Thumb Code     0  startup_stm32f10x_hd_vl.o(.text)
    RCC_IRQHandler                           0x08000163   Thumb Code     0  startup_stm32f10x_hd_vl.o(.text)
    RTCAlarm_IRQHandler                      0x08000163   Thumb Code     0  startup_stm32f10x_hd_vl.o(.text)
    RTC_IRQHandler                           0x08000163   Thumb Code     0  startup_stm32f10x_hd_vl.o(.text)
    SPI1_IRQHandler                          0x08000163   Thumb Code     0  startup_stm32f10x_hd_vl.o(.text)
    SPI2_IRQHandler                          0x08000163   Thumb Code     0  startup_stm32f10x_hd_vl.o(.text)
    SPI3_IRQHandler                          0x08000163   Thumb Code     0  startup_stm32f10x_hd_vl.o(.text)
    TAMPER_IRQHandler                        0x08000163   Thumb Code     0  startup_stm32f10x_hd_vl.o(.text)
    TIM12_IRQHandler                         0x08000163   Thumb Code     0  startup_stm32f10x_hd_vl.o(.text)
    TIM13_IRQHandler                         0x08000163   Thumb Code     0  startup_stm32f10x_hd_vl.o(.text)
    TIM14_IRQHandler                         0x08000163   Thumb Code     0  startup_stm32f10x_hd_vl.o(.text)
    TIM1_BRK_TIM15_IRQHandler                0x08000163   Thumb Code     0  startup_stm32f10x_hd_vl.o(.text)
    TIM1_CC_IRQHandler                       0x08000163   Thumb Code     0  startup_stm32f10x_hd_vl.o(.text)
    TIM1_TRG_COM_TIM17_IRQHandler            0x08000163   Thumb Code     0  startup_stm32f10x_hd_vl.o(.text)
    TIM3_IRQHandler                          0x08000163   Thumb Code     0  startup_stm32f10x_hd_vl.o(.text)
    TIM5_IRQHandler                          0x08000163   Thumb Code     0  startup_stm32f10x_hd_vl.o(.text)
    TIM6_DAC_IRQHandler                      0x08000163   Thumb Code     0  startup_stm32f10x_hd_vl.o(.text)
    TIM7_IRQHandler                          0x08000163   Thumb Code     0  startup_stm32f10x_hd_vl.o(.text)
    UART4_IRQHandler                         0x08000163   Thumb Code     0  startup_stm32f10x_hd_vl.o(.text)
    UART5_IRQHandler                         0x08000163   Thumb Code     0  startup_stm32f10x_hd_vl.o(.text)
    USART2_IRQHandler                        0x08000163   Thumb Code     0  startup_stm32f10x_hd_vl.o(.text)
    WWDG_IRQHandler                          0x08000163   Thumb Code     0  startup_stm32f10x_hd_vl.o(.text)
    __aeabi_ldivmod                          0x0800016d   Thumb Code    90  ldiv.o(.text)
    __aeabi_memset                           0x080001c7   Thumb Code    14  memseta.o(.text)
    __aeabi_memset4                          0x080001c7   Thumb Code     0  memseta.o(.text)
    __aeabi_memset8                          0x080001c7   Thumb Code     0  memseta.o(.text)
    __aeabi_memclr                           0x080001d5   Thumb Code     4  memseta.o(.text)
    __aeabi_memclr4                          0x080001d5   Thumb Code     0  memseta.o(.text)
    __aeabi_memclr8                          0x080001d5   Thumb Code     0  memseta.o(.text)
    _memset$wrapper                          0x080001d9   Thumb Code    18  memseta.o(.text)
    memcmp                                   0x080001eb   Thumb Code    26  memcmp.o(.text)
    __aeabi_fadd                             0x08000205   Thumb Code   164  fadd.o(.text)
    __aeabi_fsub                             0x080002a9   Thumb Code     6  fadd.o(.text)
    __aeabi_frsub                            0x080002af   Thumb Code     6  fadd.o(.text)
    __aeabi_fmul                             0x080002b5   Thumb Code   108  fmul.o(.text)
    __aeabi_fdiv                             0x08000321   Thumb Code   128  fdiv.o(.text)
    __ARM_scalbnf                            0x080003a1   Thumb Code    24  fscalb.o(.text)
    scalbnf                                  0x080003a1   Thumb Code     0  fscalb.o(.text)
    __aeabi_dadd                             0x080003b9   Thumb Code   322  dadd.o(.text)
    __aeabi_dsub                             0x080004fb   Thumb Code     6  dadd.o(.text)
    __aeabi_drsub                            0x08000501   Thumb Code     6  dadd.o(.text)
    __aeabi_dmul                             0x08000507   Thumb Code   228  dmul.o(.text)
    __aeabi_ddiv                             0x080005eb   Thumb Code   222  ddiv.o(.text)
    __ARM_scalbn                             0x080006c9   Thumb Code    46  dscalb.o(.text)
    scalbn                                   0x080006c9   Thumb Code     0  dscalb.o(.text)
    __aeabi_i2f                              0x080006f7   Thumb Code    18  fflti.o(.text)
    __aeabi_ui2f                             0x08000709   Thumb Code    10  ffltui.o(.text)
    __aeabi_i2d                              0x08000713   Thumb Code    34  dflti.o(.text)
    __aeabi_ui2d                             0x08000735   Thumb Code    26  dfltui.o(.text)
    __aeabi_f2iz                             0x0800074f   Thumb Code    50  ffixi.o(.text)
    __aeabi_f2uiz                            0x08000781   Thumb Code    40  ffixui.o(.text)
    __aeabi_d2iz                             0x080007a9   Thumb Code    62  dfixi.o(.text)
    __aeabi_f2d                              0x080007e7   Thumb Code    38  f2d.o(.text)
    __aeabi_d2f                              0x0800080d   Thumb Code    56  d2f.o(.text)
    __aeabi_uidiv                            0x08000845   Thumb Code     0  uidiv.o(.text)
    __aeabi_uidivmod                         0x08000845   Thumb Code    44  uidiv.o(.text)
    __aeabi_uldivmod                         0x08000871   Thumb Code    98  uldiv.o(.text)
    __aeabi_llsl                             0x080008d3   Thumb Code    30  llshl.o(.text)
    _ll_shift_l                              0x080008d3   Thumb Code     0  llshl.o(.text)
    __aeabi_llsr                             0x080008f1   Thumb Code    32  llushr.o(.text)
    _ll_ushift_r                             0x080008f1   Thumb Code     0  llushr.o(.text)
    __aeabi_lasr                             0x08000911   Thumb Code    36  llsshr.o(.text)
    _ll_sshift_r                             0x08000911   Thumb Code     0  llsshr.o(.text)
    __I$use$fp                               0x08000935   Thumb Code     0  iusefp.o(.text)
    _float_round                             0x08000935   Thumb Code    18  fepilogue.o(.text)
    _float_epilogue                          0x08000947   Thumb Code    90  fepilogue.o(.text)
    _double_round                            0x080009a1   Thumb Code    26  depilogue.o(.text)
    _double_epilogue                         0x080009bb   Thumb Code   164  depilogue.o(.text)
    __scatterload                            0x08000a61   Thumb Code    28  init.o(.text)
    __scatterload_rt2                        0x08000a61   Thumb Code     0  init.o(.text)
    _dsqrt                                   0x08000a85   Thumb Code   162  dsqrt.o(.text)
    __decompress                             0x08000b27   Thumb Code     0  __dczerorl2.o(.text)
    __decompress1                            0x08000b27   Thumb Code    92  __dczerorl2.o(.text)
    Adc_Init                                 0x08000b85   Thumb Code   214  adc.o(i.Adc_Init)
    BusFault_Handler                         0x08000c6d   Thumb Code     2  stm32f10x_it.o(i.BusFault_Handler)
    DMP_Init                                 0x08000c71   Thumb Code   210  mpu6050.o(i.DMP_Init)
    DataScope                                0x08000e91   Thumb Code   172  show.o(i.DataScope)
    DataScope_Data_Generate                  0x08000f59   Thumb Code   124  datascope_dp.o(i.DataScope_Data_Generate)
    DataScope_Get_Channel_Data               0x08000fd9   Thumb Code    78  datascope_dp.o(i.DataScope_Get_Channel_Data)
    DebugMon_Handler                         0x0800102d   Thumb Code     2  stm32f10x_it.o(i.DebugMon_Handler)
    Encoder_Init                             0x08001031   Thumb Code   198  timer.o(i.Encoder_Init)
    Encoder_Init2                            0x08001105   Thumb Code   170  timer.o(i.Encoder_Init2)
    Float2Byte                               0x080011b9   Thumb Code    20  datascope_dp.o(i.Float2Byte)
    GPIO_Init                                0x080011cd   Thumb Code   158  stm32f10x_gpio.o(i.GPIO_Init)
    GPIO_ResetBits                           0x0800126b   Thumb Code     4  stm32f10x_gpio.o(i.GPIO_ResetBits)
    GPIO_SetBits                             0x0800126f   Thumb Code     4  stm32f10x_gpio.o(i.GPIO_SetBits)
    Get_Adc                                  0x08001275   Thumb Code    48  adc.o(i.Get_Adc)
    Get_Angle                                0x080012a9   Thumb Code   314  minibalance.o(i.Get_Angle)
    Get_battery_volt                         0x08001409   Thumb Code    78  adc.o(i.Get_battery_volt)
    HardFault_Handler                        0x08001471   Thumb Code     2  stm32f10x_it.o(i.HardFault_Handler)
    I2C_ReadOneByte                          0x08001473   Thumb Code    62  ioi2c.o(i.I2C_ReadOneByte)
    IIC_Ack                                  0x080014b1   Thumb Code    46  ioi2c.o(i.IIC_Ack)
    IIC_Init                                 0x080014e9   Thumb Code    34  ioi2c.o(i.IIC_Init)
    IIC_NAck                                 0x08001515   Thumb Code    48  ioi2c.o(i.IIC_NAck)
    IIC_Read_Byte                            0x0800154d   Thumb Code   100  ioi2c.o(i.IIC_Read_Byte)
    IIC_Send_Byte                            0x080015b9   Thumb Code    86  ioi2c.o(i.IIC_Send_Byte)
    IIC_Start                                0x08001619   Thumb Code    72  ioi2c.o(i.IIC_Start)
    IIC_Stop                                 0x08001669   Thumb Code    48  ioi2c.o(i.IIC_Stop)
    IIC_Wait_Ack                             0x080016a1   Thumb Code    80  ioi2c.o(i.IIC_Wait_Ack)
    IICreadByte                              0x080016f9   Thumb Code    14  ioi2c.o(i.IICreadByte)
    IICwriteBit                              0x08001707   Thumb Code    50  ioi2c.o(i.IICwriteBit)
    IICwriteBits                             0x08001739   Thumb Code    84  ioi2c.o(i.IICwriteBits)
    IICwriteByte                             0x0800178d   Thumb Code    12  ioi2c.o(i.IICwriteByte)
    IICwriteBytes                            0x08001799   Thumb Code    68  ioi2c.o(i.IICwriteBytes)
    JTAG_Set                                 0x080017dd   Thumb Code    30  oled.o(i.JTAG_Set)
    KEY_Init                                 0x08001805   Thumb Code    30  key.o(i.KEY_Init)
    Kalman_Filter                            0x0800182d   Thumb Code   348  filter.o(i.Kalman_Filter)
    Led_Flash                                0x08001991   Thumb Code    26  led.o(i.Led_Flash)
    MPU6050_initialize                       0x080019b5   Thumb Code    42  mpu6050.o(i.MPU6050_initialize)
    MPU6050_setClockSource                   0x080019df   Thumb Code    18  mpu6050.o(i.MPU6050_setClockSource)
    MPU6050_setFullScaleAccelRange           0x080019f1   Thumb Code    18  mpu6050.o(i.MPU6050_setFullScaleAccelRange)
    MPU6050_setFullScaleGyroRange            0x08001a03   Thumb Code    18  mpu6050.o(i.MPU6050_setFullScaleGyroRange)
    MPU6050_setI2CBypassEnabled              0x08001a15   Thumb Code    12  mpu6050.o(i.MPU6050_setI2CBypassEnabled)
    MPU6050_setI2CMasterModeEnabled          0x08001a21   Thumb Code    12  mpu6050.o(i.MPU6050_setI2CMasterModeEnabled)
    MPU6050_setSleepEnabled                  0x08001a2d   Thumb Code    12  mpu6050.o(i.MPU6050_setSleepEnabled)
    MY_NVIC_Init                             0x08001a39   Thumb Code    50  timer.o(i.MY_NVIC_Init)
    MY_NVIC_PriorityGroupConfig              0x08001a6d   Thumb Code    26  timer.o(i.MY_NVIC_PriorityGroupConfig)
    MemManage_Handler                        0x08001a91   Thumb Code     2  stm32f10x_it.o(i.MemManage_Handler)
    MiniBalance_PWM_Init                     0x08001a95   Thumb Code   134  timer.o(i.MiniBalance_PWM_Init)
    NMI_Handler                              0x08001b2d   Thumb Code     2  stm32f10x_it.o(i.NMI_Handler)
    NVIC_Init                                0x08001b31   Thumb Code    90  misc.o(i.NVIC_Init)
    OLED_Clear                               0x08001b95   Thumb Code    40  oled.o(i.OLED_Clear)
    OLED_Display_Off                         0x08001bc1   Thumb Code    30  oled.o(i.OLED_Display_Off)
    OLED_Display_On                          0x08001bdf   Thumb Code    30  oled.o(i.OLED_Display_On)
    OLED_DrawPoint                           0x08001bfd   Thumb Code    54  oled.o(i.OLED_DrawPoint)
    OLED_Fill                                0x08001c39   Thumb Code    56  oled.o(i.OLED_Fill)
    OLED_Init                                0x08001c71   Thumb Code   324  oled.o(i.OLED_Init)
    OLED_Refresh_Gram                        0x08001dd1   Thumb Code    70  oled.o(i.OLED_Refresh_Gram)
    OLED_ShowChar                            0x08001e1d   Thumb Code   134  oled.o(i.OLED_ShowChar)
    OLED_ShowNumber                          0x08001ead   Thumb Code   120  oled.o(i.OLED_ShowNumber)
    OLED_ShowString                          0x08001f25   Thumb Code    62  oled.o(i.OLED_ShowString)
    OLED_WR_Byte                             0x08001f65   Thumb Code    90  oled.o(i.OLED_WR_Byte)
    PendSV_Handler                           0x08001fcd   Thumb Code     2  stm32f10x_it.o(i.PendSV_Handler)
    RCC_APB2PeriphClockCmd                   0x08001fd1   Thumb Code    18  stm32f10x_rcc.o(i.RCC_APB2PeriphClockCmd)
    RCC_GetClocksFreq                        0x08001fe9   Thumb Code   130  stm32f10x_rcc.o(i.RCC_GetClocksFreq)
    Read_DMP                                 0x0800207d   Thumb Code   170  mpu6050.o(i.Read_DMP)
    Read_Temperature                         0x08002131   Thumb Code    80  mpu6050.o(i.Read_Temperature)
    SVC_Handler                              0x08002191   Thumb Code     2  stm32f10x_it.o(i.SVC_Handler)
    Set_Pwm                                  0x0800223d   Thumb Code    80  minibalance.o(i.Set_Pwm)
    SysTick_Handler                          0x08002295   Thumb Code     2  stm32f10x_it.o(i.SysTick_Handler)
    SystemInit                               0x08002299   Thumb Code    64  system_stm32f10x.o(i.SystemInit)
    TIM1_UP_TIM16_IRQHandler                 0x080022e9   Thumb Code   146  minibalance.o(i.TIM1_UP_TIM16_IRQHandler)
    TIM2_IRQHandler                          0x080023a9   Thumb Code    16  timer.o(i.TIM2_IRQHandler)
    TIM4_IRQHandler                          0x080023b9   Thumb Code    14  timer.o(i.TIM4_IRQHandler)
    Timer1_Init                              0x080023cd   Thumb Code    62  timer.o(i.Timer1_Init)
    Turn_Off                                 0x08002415   Thumb Code    52  minibalance.o(i.Turn_Off)
    USART1_IRQHandler                        0x0800245d   Thumb Code    42  usart1.o(i.USART1_IRQHandler)
    USART3_IRQHandler                        0x0800248d   Thumb Code   240  usart3.o(i.USART3_IRQHandler)
    USART_ClearFlag                          0x08002599   Thumb Code     6  stm32f10x_usart.o(i.USART_ClearFlag)
    USART_Cmd                                0x0800259f   Thumb Code    20  stm32f10x_usart.o(i.USART_Cmd)
    USART_GetITStatus                        0x080025b3   Thumb Code    62  stm32f10x_usart.o(i.USART_GetITStatus)
    USART_ITConfig                           0x080025f1   Thumb Code    48  stm32f10x_usart.o(i.USART_ITConfig)
    USART_Init                               0x08002621   Thumb Code   176  stm32f10x_usart.o(i.USART_Init)
    UsageFault_Handler                       0x080026d5   Thumb Code     2  stm32f10x_it.o(i.UsageFault_Handler)
    Xianfu_Pwm                               0x080026d9   Thumb Code    44  minibalance.o(i.Xianfu_Pwm)
    Yijielvbo                                0x0800270d   Thumb Code   102  filter.o(i.Yijielvbo)
    __0printf$1                              0x08002781   Thumb Code    22  printf1.o(i.__0printf$1)
    __1printf$1                              0x08002781   Thumb Code     0  printf1.o(i.__0printf$1)
    __2printf                                0x08002781   Thumb Code     0  printf1.o(i.__0printf$1)
    __ARM_fpclassify                         0x080027a1   Thumb Code    40  fpclassify.o(i.__ARM_fpclassify)
    __kernel_poly                            0x080027c9   Thumb Code   170  poly.o(i.__kernel_poly)
    __mathlib_dbl_underflow                  0x08002875   Thumb Code    10  dunder.o(i.__mathlib_dbl_underflow)
    __scatterload_copy                       0x08002885   Thumb Code    14  handlers.o(i.__scatterload_copy)
    __scatterload_null                       0x08002893   Thumb Code     2  handlers.o(i.__scatterload_null)
    __scatterload_zeroinit                   0x08002895   Thumb Code    14  handlers.o(i.__scatterload_zeroinit)
    __set_errno                              0x080028a5   Thumb Code     6  errno.o(i.__set_errno)
    asin                                     0x08002a85   Thumb Code   584  asin.o(i.asin)
    atan                                     0x08002d01   Thumb Code   478  atan.o(i.atan)
    atan2                                    0x08002f25   Thumb Code   346  atan2.o(i.atan2)
    balance                                  0x080030a5   Thumb Code   118  minibalance.o(i.balance)
    delay_init                               0x08003131   Thumb Code    38  delay.o(i.delay_init)
    delay_ms                                 0x0800315d   Thumb Code    36  delay.o(i.delay_ms)
    delay_us                                 0x08003185   Thumb Code    36  delay.o(i.delay_us)
    dmp_enable_6x_lp_quat                    0x080031ad   Thumb Code    58  inv_mpu_dmp_motion_driver.o(i.dmp_enable_6x_lp_quat)
    dmp_enable_feature                       0x080031e9   Thumb Code   464  inv_mpu_dmp_motion_driver.o(i.dmp_enable_feature)
    dmp_enable_gyro_cal                      0x080033c1   Thumb Code    44  inv_mpu_dmp_motion_driver.o(i.dmp_enable_gyro_cal)
    dmp_enable_lp_quat                       0x08003405   Thumb Code    58  inv_mpu_dmp_motion_driver.o(i.dmp_enable_lp_quat)
    dmp_load_motion_driver_firmware          0x08003441   Thumb Code    16  inv_mpu_dmp_motion_driver.o(i.dmp_load_motion_driver_firmware)
    dmp_read_fifo                            0x08003455   Thumb Code   320  inv_mpu_dmp_motion_driver.o(i.dmp_read_fifo)
    dmp_set_accel_bias                       0x08003599   Thumb Code   218  inv_mpu_dmp_motion_driver.o(i.dmp_set_accel_bias)
    dmp_set_fifo_rate                        0x08003679   Thumb Code    82  inv_mpu_dmp_motion_driver.o(i.dmp_set_fifo_rate)
    dmp_set_gyro_bias                        0x080036dd   Thumb Code   200  inv_mpu_dmp_motion_driver.o(i.dmp_set_gyro_bias)
    dmp_set_orientation                      0x080037ad   Thumb Code   246  inv_mpu_dmp_motion_driver.o(i.dmp_set_orientation)
    dmp_set_shake_reject_thresh              0x080038b9   Thumb Code    48  inv_mpu_dmp_motion_driver.o(i.dmp_set_shake_reject_thresh)
    dmp_set_shake_reject_time                0x080038e9   Thumb Code    32  inv_mpu_dmp_motion_driver.o(i.dmp_set_shake_reject_time)
    dmp_set_shake_reject_timeout             0x08003909   Thumb Code    32  inv_mpu_dmp_motion_driver.o(i.dmp_set_shake_reject_timeout)
    dmp_set_tap_axes                         0x08003929   Thumb Code    64  inv_mpu_dmp_motion_driver.o(i.dmp_set_tap_axes)
    dmp_set_tap_count                        0x08003969   Thumb Code    34  inv_mpu_dmp_motion_driver.o(i.dmp_set_tap_count)
    dmp_set_tap_thresh                       0x0800398d   Thumb Code   274  inv_mpu_dmp_motion_driver.o(i.dmp_set_tap_thresh)
    dmp_set_tap_time                         0x08003ab5   Thumb Code    32  inv_mpu_dmp_motion_driver.o(i.dmp_set_tap_time)
    dmp_set_tap_time_multi                   0x08003ad5   Thumb Code    32  inv_mpu_dmp_motion_driver.o(i.dmp_set_tap_time_multi)
    fputc                                    0x08003af5   Thumb Code    16  usart1.o(i.fputc)
    get_ms                                   0x08003bb5   Thumb Code     2  delay.o(i.get_ms)
    i2cRead                                  0x08003fa1   Thumb Code   112  ioi2c.o(i.i2cRead)
    i2cWrite                                 0x08004011   Thumb Code    84  ioi2c.o(i.i2cWrite)
    key                                      0x080040ad   Thumb Code   118  key.o(i.key)
    led_init                                 0x08004135   Thumb Code    30  led.o(i.led_init)
    main                                     0x0800415d   Thumb Code   184  main.o(i.main)
    mpu_configure_fifo                       0x08004221   Thumb Code    78  inv_mpu.o(i.mpu_configure_fifo)
    mpu_get_accel_fsr                        0x08004275   Thumb Code    54  inv_mpu.o(i.mpu_get_accel_fsr)
    mpu_get_accel_sens                       0x080042b1   Thumb Code    62  inv_mpu.o(i.mpu_get_accel_sens)
    mpu_get_gyro_fsr                         0x080042f5   Thumb Code    48  inv_mpu.o(i.mpu_get_gyro_fsr)
    mpu_get_gyro_sens                        0x08004329   Thumb Code    44  inv_mpu.o(i.mpu_get_gyro_sens)
    mpu_get_lpf                              0x08004369   Thumb Code    52  inv_mpu.o(i.mpu_get_lpf)
    mpu_get_sample_rate                      0x080043a1   Thumb Code    22  inv_mpu.o(i.mpu_get_sample_rate)
    mpu_init                                 0x080043bd   Thumb Code   312  inv_mpu.o(i.mpu_init)
    mpu_load_firmware                        0x08004545   Thumb Code   154  inv_mpu.o(i.mpu_load_firmware)
    mpu_lp_accel_mode                        0x080045e5   Thumb Code   178  inv_mpu.o(i.mpu_lp_accel_mode)
    mpu_read_fifo_stream                     0x0800469d   Thumb Code   140  inv_mpu.o(i.mpu_read_fifo_stream)
    mpu_read_mem                             0x0800472d   Thumb Code    80  inv_mpu.o(i.mpu_read_mem)
    mpu_reset_fifo                           0x08004781   Thumb Code   330  inv_mpu.o(i.mpu_reset_fifo)
    mpu_run_self_test                        0x080048d1   Thumb Code   234  inv_mpu.o(i.mpu_run_self_test)
    mpu_set_accel_fsr                        0x080049c1   Thumb Code    98  inv_mpu.o(i.mpu_set_accel_fsr)
    mpu_set_bypass                           0x08004a29   Thumb Code   214  inv_mpu.o(i.mpu_set_bypass)
    mpu_set_dmp_state                        0x08004b05   Thumb Code   114  inv_mpu.o(i.mpu_set_dmp_state)
    mpu_set_gyro_fsr                         0x08004b7d   Thumb Code   104  inv_mpu.o(i.mpu_set_gyro_fsr)
    mpu_set_int_latched                      0x08004be9   Thumb Code    94  inv_mpu.o(i.mpu_set_int_latched)
    mpu_set_lpf                              0x08004c4d   Thumb Code   102  inv_mpu.o(i.mpu_set_lpf)
    mpu_set_sample_rate                      0x08004cb9   Thumb Code   124  inv_mpu.o(i.mpu_set_sample_rate)
    mpu_set_sensors                          0x08004d39   Thumb Code   178  inv_mpu.o(i.mpu_set_sensors)
    mpu_write_mem                            0x08004df1   Thumb Code    80  inv_mpu.o(i.mpu_write_mem)
    myabs                                    0x08004e45   Thumb Code     8  timer.o(i.myabs)
    oled_pow                                 0x08004e4d   Thumb Code    20  oled.o(i.oled_pow)
    oled_show                                0x08004e61   Thumb Code   498  show.o(i.oled_show)
    readEncoder                              0x080050c1   Thumb Code    48  minibalance.o(i.readEncoder)
    sqrt                                     0x080051f9   Thumb Code    78  sqrt.o(i.sqrt)
    turn                                     0x08005249   Thumb Code   248  minibalance.o(i.turn)
    uart3_init                               0x08005365   Thumb Code   180  usart3.o(i.uart3_init)
    usart1_init                              0x08005429   Thumb Code   164  usart1.o(i.usart1_init)
    usart1_receive                           0x080054d5   Thumb Code    18  usart1.o(i.usart1_receive)
    velocity                                 0x080054ed   Thumb Code   196  minibalance.o(i.velocity)
    hw                                       0x080055e0   Data          12  inv_mpu.o(.constdata)
    reg                                      0x080055ec   Data          27  inv_mpu.o(.constdata)
    test                                     0x08005608   Data          40  inv_mpu.o(.constdata)
    oled_asc2_1206                           0x08006274   Data        1140  oled.o(.constdata)
    oled_asc2_1608                           0x080066e8   Data        1520  oled.o(.constdata)
    __mathlib_zero                           0x08006dc0   Data           8  qnan.o(.constdata)
    Region$$Table$$Base                      0x08006dc8   Number         0  anon$$obj.o(Region$$Table)
    Region$$Table$$Limit                     0x08006de8   Number         0  anon$$obj.o(Region$$Table)
    Way_Angle                                0x20000000   Data           1  main.o(.data)
    Flag_Stop                                0x20000001   Data           1  main.o(.data)
    Flag_Show                                0x20000002   Data           1  main.o(.data)
    Temperature                              0x20000004   Data           4  main.o(.data)
    Angle_Balance                            0x20000008   Data           4  main.o(.data)
    Gyro_Balance                             0x2000000c   Data           4  main.o(.data)
    Gyro_Turn                                0x20000010   Data           4  main.o(.data)
    Gyro_AlarmMove                           0x20000014   Data           4  main.o(.data)
    Flag_Qian                                0x20000018   Data           1  main.o(.data)
    Flag_Hou                                 0x20000019   Data           1  main.o(.data)
    Flag_Left                                0x2000001a   Data           1  main.o(.data)
    Flag_Right                               0x2000001b   Data           1  main.o(.data)
    Encoder_Left                             0x2000001c   Data           4  main.o(.data)
    Encoder_Right                            0x20000020   Data           4  main.o(.data)
    Moto1                                    0x20000024   Data           4  main.o(.data)
    Moto2                                    0x20000028   Data           4  main.o(.data)
    Voltage                                  0x2000002c   Data           4  main.o(.data)
    sensors                                  0x20000078   Data           2  mpu6050.o(.data)
    q0                                       0x2000007c   Data           4  mpu6050.o(.data)
    q1                                       0x20000080   Data           4  mpu6050.o(.data)
    q2                                       0x20000084   Data           4  mpu6050.o(.data)
    q3                                       0x20000088   Data           4  mpu6050.o(.data)
    Pitch                                    0x2000008c   Data           4  mpu6050.o(.data)
    gyro                                     0x20000090   Data           6  mpu6050.o(.data)
    accel                                    0x20000096   Data           6  mpu6050.o(.data)
    six_data_1                               0x200000a8   Data           4  usart3.o(.data)
    six_data_2                               0x200000ac   Data           4  usart3.o(.data)
    mode_data                                0x200000b4   Data           8  usart3.o(.data)
    C_0                                      0x200000c8   Data           1  filter.o(.data)
    K1                                       0x200000cc   Data           4  filter.o(.data)
    Q_angle                                  0x200000d0   Data           4  filter.o(.data)
    Q_gyro                                   0x200000d4   Data           4  filter.o(.data)
    R_angle                                  0x200000d8   Data           4  filter.o(.data)
    dt                                       0x200000dc   Data           4  filter.o(.data)
    angle                                    0x200000e0   Data           4  filter.o(.data)
    angle_dot                                0x200000e4   Data           4  filter.o(.data)
    Q_bias                                   0x200000e8   Data           4  filter.o(.data)
    Angle_err                                0x200000ec   Data           4  filter.o(.data)
    PCt_0                                    0x200000f0   Data           4  filter.o(.data)
    PCt_1                                    0x200000f4   Data           4  filter.o(.data)
    E                                        0x200000f8   Data           4  filter.o(.data)
    K_0                                      0x200000fc   Data           4  filter.o(.data)
    K_1                                      0x20000100   Data           4  filter.o(.data)
    t_0                                      0x20000104   Data           4  filter.o(.data)
    t_1                                      0x20000108   Data           4  filter.o(.data)
    PP                                       0x2000010c   Data          16  filter.o(.data)
    i                                        0x2000011c   Data           1  show.o(.data)
    Send_Count                               0x2000011d   Data           1  show.o(.data)
    Balance_Pwm                              0x2000015c   Data           4  minibalance.o(.data)
    Velocity_Pwm                             0x20000160   Data           4  minibalance.o(.data)
    Turn_Pwm                                 0x20000164   Data           4  minibalance.o(.data)
    __stdout                                 0x20000168   Data           4  stdout.o(.data)
    OLED_GRAM                                0x20000180   Data        1024  oled.o(.bss)
    Pdot                                     0x20000580   Data          16  filter.o(.bss)
    DataScope_OutPut_Buffer                  0x20000590   Data          42  datascope_dp.o(.bss)
    __initial_sp                             0x200009e8   Data           0  startup_stm32f10x_hd_vl.o(STACK)



==============================================================================

Memory Map of the image

  Image Entry point : 0x08000135

  Load Region LR_IROM1 (Base: 0x08000000, Size: 0x00006f58, Max: 0x00080000, ABSOLUTE, COMPRESSED[0x00006e40])

    Execution Region ER_IROM1 (Base: 0x08000000, Size: 0x00006de8, Max: 0x00080000, ABSOLUTE)

    Base Addr    Size         Type   Attr      Idx    E Section Name        Object

    0x08000000   0x00000134   Data   RO          862    RESET               startup_stm32f10x_hd_vl.o
    0x08000134   0x00000000   Code   RO         2021  * .ARM.Collect$$$$00000000  mc_w.l(entry.o)
    0x08000134   0x00000004   Code   RO         2350    .ARM.Collect$$$$00000001  mc_w.l(entry2.o)
    0x08000138   0x00000004   Code   RO         2353    .ARM.Collect$$$$00000004  mc_w.l(entry5.o)
    0x0800013c   0x00000000   Code   RO         2355    .ARM.Collect$$$$00000008  mc_w.l(entry7b.o)
    0x0800013c   0x00000000   Code   RO         2357    .ARM.Collect$$$$0000000A  mc_w.l(entry8b.o)
    0x0800013c   0x00000008   Code   RO         2358    .ARM.Collect$$$$0000000B  mc_w.l(entry9a.o)
    0x08000144   0x00000000   Code   RO         2360    .ARM.Collect$$$$0000000D  mc_w.l(entry10a.o)
    0x08000144   0x00000000   Code   RO         2362    .ARM.Collect$$$$0000000F  mc_w.l(entry11a.o)
    0x08000144   0x00000004   Code   RO         2351    .ARM.Collect$$$$00002712  mc_w.l(entry2.o)
    0x08000148   0x00000024   Code   RO          863    .text               startup_stm32f10x_hd_vl.o
    0x0800016c   0x0000005a   Code   RO         2024    .text               mc_w.l(ldiv.o)
    0x080001c6   0x00000024   Code   RO         2026    .text               mc_w.l(memseta.o)
    0x080001ea   0x0000001a   Code   RO         2028    .text               mc_w.l(memcmp.o)
    0x08000204   0x000000b0   Code   RO         2291    .text               mf_w.l(fadd.o)
    0x080002b4   0x0000006c   Code   RO         2293    .text               mf_w.l(fmul.o)
    0x08000320   0x00000080   Code   RO         2295    .text               mf_w.l(fdiv.o)
    0x080003a0   0x00000018   Code   RO         2297    .text               mf_w.l(fscalb.o)
    0x080003b8   0x0000014e   Code   RO         2299    .text               mf_w.l(dadd.o)
    0x08000506   0x000000e4   Code   RO         2301    .text               mf_w.l(dmul.o)
    0x080005ea   0x000000de   Code   RO         2303    .text               mf_w.l(ddiv.o)
    0x080006c8   0x0000002e   Code   RO         2305    .text               mf_w.l(dscalb.o)
    0x080006f6   0x00000012   Code   RO         2307    .text               mf_w.l(fflti.o)
    0x08000708   0x0000000a   Code   RO         2309    .text               mf_w.l(ffltui.o)
    0x08000712   0x00000022   Code   RO         2311    .text               mf_w.l(dflti.o)
    0x08000734   0x0000001a   Code   RO         2313    .text               mf_w.l(dfltui.o)
    0x0800074e   0x00000032   Code   RO         2315    .text               mf_w.l(ffixi.o)
    0x08000780   0x00000028   Code   RO         2317    .text               mf_w.l(ffixui.o)
    0x080007a8   0x0000003e   Code   RO         2319    .text               mf_w.l(dfixi.o)
    0x080007e6   0x00000026   Code   RO         2321    .text               mf_w.l(f2d.o)
    0x0800080c   0x00000038   Code   RO         2323    .text               mf_w.l(d2f.o)
    0x08000844   0x0000002c   Code   RO         2365    .text               mc_w.l(uidiv.o)
    0x08000870   0x00000062   Code   RO         2367    .text               mc_w.l(uldiv.o)
    0x080008d2   0x0000001e   Code   RO         2369    .text               mc_w.l(llshl.o)
    0x080008f0   0x00000020   Code   RO         2371    .text               mc_w.l(llushr.o)
    0x08000910   0x00000024   Code   RO         2373    .text               mc_w.l(llsshr.o)
    0x08000934   0x00000000   Code   RO         2382    .text               mc_w.l(iusefp.o)
    0x08000934   0x0000006c   Code   RO         2383    .text               mf_w.l(fepilogue.o)
    0x080009a0   0x000000be   Code   RO         2385    .text               mf_w.l(depilogue.o)
    0x08000a5e   0x00000002   PAD
    0x08000a60   0x00000024   Code   RO         2391    .text               mc_w.l(init.o)
    0x08000a84   0x000000a2   Code   RO         2393    .text               mf_w.l(dsqrt.o)
    0x08000b26   0x0000005c   Code   RO         2405    .text               mc_w.l(__dczerorl2.o)
    0x08000b82   0x00000002   PAD
    0x08000b84   0x000000e8   Code   RO         1827    i.Adc_Init          adc.o
    0x08000c6c   0x00000002   Code   RO            1    i.BusFault_Handler  stm32f10x_it.o
    0x08000c6e   0x00000002   PAD
    0x08000c70   0x00000220   Code   RO         1684    i.DMP_Init          mpu6050.o
    0x08000e90   0x000000c8   Code   RO         1907    i.DataScope         show.o
    0x08000f58   0x00000080   Code   RO         1877    i.DataScope_Data_Generate  datascope_dp.o
    0x08000fd8   0x00000054   Code   RO         1878    i.DataScope_Get_Channel_Data  datascope_dp.o
    0x0800102c   0x00000002   Code   RO            2    i.DebugMon_Handler  stm32f10x_it.o
    0x0800102e   0x00000002   PAD
    0x08001030   0x000000d4   Code   RO         1624    i.Encoder_Init      timer.o
    0x08001104   0x000000b4   Code   RO         1625    i.Encoder_Init2     timer.o
    0x080011b8   0x00000014   Code   RO         1879    i.Float2Byte        datascope_dp.o
    0x080011cc   0x0000009e   Code   RO          421    i.GPIO_Init         stm32f10x_gpio.o
    0x0800126a   0x00000004   Code   RO          428    i.GPIO_ResetBits    stm32f10x_gpio.o
    0x0800126e   0x00000004   Code   RO          429    i.GPIO_SetBits      stm32f10x_gpio.o
    0x08001272   0x00000002   PAD
    0x08001274   0x00000034   Code   RO         1828    i.Get_Adc           adc.o
    0x080012a8   0x00000160   Code   RO         1936    i.Get_Angle         minibalance.o
    0x08001408   0x00000068   Code   RO         1829    i.Get_battery_volt  adc.o
    0x08001470   0x00000002   Code   RO            3    i.HardFault_Handler  stm32f10x_it.o
    0x08001472   0x0000003e   Code   RO         1427    i.I2C_ReadOneByte   ioi2c.o
    0x080014b0   0x00000038   Code   RO         1428    i.IIC_Ack           ioi2c.o
    0x080014e8   0x0000002c   Code   RO         1429    i.IIC_Init          ioi2c.o
    0x08001514   0x00000038   Code   RO         1430    i.IIC_NAck          ioi2c.o
    0x0800154c   0x0000006c   Code   RO         1431    i.IIC_Read_Byte     ioi2c.o
    0x080015b8   0x00000060   Code   RO         1432    i.IIC_Send_Byte     ioi2c.o
    0x08001618   0x00000050   Code   RO         1433    i.IIC_Start         ioi2c.o
    0x08001668   0x00000038   Code   RO         1434    i.IIC_Stop          ioi2c.o
    0x080016a0   0x00000058   Code   RO         1435    i.IIC_Wait_Ack      ioi2c.o
    0x080016f8   0x0000000e   Code   RO         1436    i.IICreadByte       ioi2c.o
    0x08001706   0x00000032   Code   RO         1438    i.IICwriteBit       ioi2c.o
    0x08001738   0x00000054   Code   RO         1439    i.IICwriteBits      ioi2c.o
    0x0800178c   0x0000000c   Code   RO         1440    i.IICwriteByte      ioi2c.o
    0x08001798   0x00000044   Code   RO         1441    i.IICwriteBytes     ioi2c.o
    0x080017dc   0x00000028   Code   RO         1534    i.JTAG_Set          oled.o
    0x08001804   0x00000028   Code   RO         1808    i.KEY_Init          key.o
    0x0800182c   0x00000164   Code   RO         1852    i.Kalman_Filter     filter.o
    0x08001990   0x00000024   Code   RO          867    i.Led_Flash         led.o
    0x080019b4   0x0000002a   Code   RO         1686    i.MPU6050_initialize  mpu6050.o
    0x080019de   0x00000012   Code   RO         1688    i.MPU6050_setClockSource  mpu6050.o
    0x080019f0   0x00000012   Code   RO         1689    i.MPU6050_setFullScaleAccelRange  mpu6050.o
    0x08001a02   0x00000012   Code   RO         1690    i.MPU6050_setFullScaleGyroRange  mpu6050.o
    0x08001a14   0x0000000c   Code   RO         1691    i.MPU6050_setI2CBypassEnabled  mpu6050.o
    0x08001a20   0x0000000c   Code   RO         1692    i.MPU6050_setI2CMasterModeEnabled  mpu6050.o
    0x08001a2c   0x0000000c   Code   RO         1693    i.MPU6050_setSleepEnabled  mpu6050.o
    0x08001a38   0x00000032   Code   RO         1626    i.MY_NVIC_Init      timer.o
    0x08001a6a   0x00000002   PAD
    0x08001a6c   0x00000024   Code   RO         1627    i.MY_NVIC_PriorityGroupConfig  timer.o
    0x08001a90   0x00000002   Code   RO            4    i.MemManage_Handler  stm32f10x_it.o
    0x08001a92   0x00000002   PAD
    0x08001a94   0x00000098   Code   RO         1628    i.MiniBalance_PWM_Init  timer.o
    0x08001b2c   0x00000002   Code   RO            5    i.NMI_Handler       stm32f10x_it.o
    0x08001b2e   0x00000002   PAD
    0x08001b30   0x00000064   Code   RO          535    i.NVIC_Init         misc.o
    0x08001b94   0x0000002c   Code   RO         1535    i.OLED_Clear        oled.o
    0x08001bc0   0x0000001e   Code   RO         1536    i.OLED_Display_Off  oled.o
    0x08001bde   0x0000001e   Code   RO         1537    i.OLED_Display_On   oled.o
    0x08001bfc   0x0000003c   Code   RO         1538    i.OLED_DrawPoint    oled.o
    0x08001c38   0x00000038   Code   RO         1539    i.OLED_Fill         oled.o
    0x08001c70   0x00000160   Code   RO         1540    i.OLED_Init         oled.o
    0x08001dd0   0x0000004c   Code   RO         1541    i.OLED_Refresh_Gram  oled.o
    0x08001e1c   0x00000090   Code   RO         1542    i.OLED_ShowChar     oled.o
    0x08001eac   0x00000078   Code   RO         1543    i.OLED_ShowNumber   oled.o
    0x08001f24   0x0000003e   Code   RO         1544    i.OLED_ShowString   oled.o
    0x08001f62   0x00000002   PAD
    0x08001f64   0x00000068   Code   RO         1545    i.OLED_WR_Byte      oled.o
    0x08001fcc   0x00000002   Code   RO            6    i.PendSV_Handler    stm32f10x_it.o
    0x08001fce   0x00000002   PAD
    0x08001fd0   0x00000018   Code   RO          197    i.RCC_APB2PeriphClockCmd  stm32f10x_rcc.o
    0x08001fe8   0x00000094   Code   RO          205    i.RCC_GetClocksFreq  stm32f10x_rcc.o
    0x0800207c   0x000000b4   Code   RO         1695    i.Read_DMP          mpu6050.o
    0x08002130   0x00000060   Code   RO         1696    i.Read_Temperature  mpu6050.o
    0x08002190   0x00000002   Code   RO            7    i.SVC_Handler       stm32f10x_it.o
    0x08002192   0x00000002   PAD
    0x08002194   0x000000a8   Code   RO          825    i.SetSysClockTo72   system_stm32f10x.o
    0x0800223c   0x00000058   Code   RO         1937    i.Set_Pwm           minibalance.o
    0x08002294   0x00000002   Code   RO            8    i.SysTick_Handler   stm32f10x_it.o
    0x08002296   0x00000002   PAD
    0x08002298   0x00000050   Code   RO          827    i.SystemInit        system_stm32f10x.o
    0x080022e8   0x000000c0   Code   RO         1938    i.TIM1_UP_TIM16_IRQHandler  minibalance.o
    0x080023a8   0x00000010   Code   RO         1629    i.TIM2_IRQHandler   timer.o
    0x080023b8   0x00000014   Code   RO         1630    i.TIM4_IRQHandler   timer.o
    0x080023cc   0x00000048   Code   RO         1631    i.Timer1_Init       timer.o
    0x08002414   0x00000048   Code   RO         1939    i.Turn_Off          minibalance.o
    0x0800245c   0x00000030   Code   RO          890    i.USART1_IRQHandler  usart1.o
    0x0800248c   0x0000010c   Code   RO         1787    i.USART3_IRQHandler  usart3.o
    0x08002598   0x00000006   Code   RO          574    i.USART_ClearFlag   stm32f10x_usart.o
    0x0800259e   0x00000014   Code   RO          578    i.USART_Cmd         stm32f10x_usart.o
    0x080025b2   0x0000003e   Code   RO          582    i.USART_GetITStatus  stm32f10x_usart.o
    0x080025f0   0x00000030   Code   RO          584    i.USART_ITConfig    stm32f10x_usart.o
    0x08002620   0x000000b4   Code   RO          585    i.USART_Init        stm32f10x_usart.o
    0x080026d4   0x00000002   Code   RO            9    i.UsageFault_Handler  stm32f10x_it.o
    0x080026d6   0x00000002   PAD
    0x080026d8   0x00000034   Code   RO         1940    i.Xianfu_Pwm        minibalance.o
    0x0800270c   0x00000074   Code   RO         1853    i.Yijielvbo         filter.o
    0x08002780   0x00000020   Code   RO         2075    i.__0printf$1       mc_w.l(printf1.o)
    0x080027a0   0x00000028   Code   RO         2337    i.__ARM_fpclassify  m_ws.l(fpclassify.o)
    0x080027c8   0x000000aa   Code   RO         2339    i.__kernel_poly     m_ws.l(poly.o)
    0x08002872   0x00000002   PAD
    0x08002874   0x00000010   Code   RO         2335    i.__mathlib_dbl_underflow  m_ws.l(dunder.o)
    0x08002884   0x0000000e   Code   RO         2399    i.__scatterload_copy  mc_w.l(handlers.o)
    0x08002892   0x00000002   Code   RO         2400    i.__scatterload_null  mc_w.l(handlers.o)
    0x08002894   0x0000000e   Code   RO         2401    i.__scatterload_zeroinit  mc_w.l(handlers.o)
    0x080028a2   0x00000002   PAD
    0x080028a4   0x0000000c   Code   RO         2377    i.__set_errno       mc_w.l(errno.o)
    0x080028b0   0x00000154   Code   RO         2082    i._printf_core      mc_w.l(printf1.o)
    0x08002a04   0x00000080   Code   RO          976    i.accel_self_test   inv_mpu.o
    0x08002a84   0x0000027c   Code   RO         2004    i.asin              m_ws.l(asin.o)
    0x08002d00   0x00000224   Code   RO         2326    i.atan              m_ws.l(atan.o)
    0x08002f24   0x00000180   Code   RO         2014    i.atan2             m_ws.l(atan2.o)
    0x080030a4   0x0000008c   Code   RO         1941    i.balance           minibalance.o
    0x08003130   0x0000002c   Code   RO          944    i.delay_init        delay.o
    0x0800315c   0x00000028   Code   RO          945    i.delay_ms          delay.o
    0x08003184   0x00000028   Code   RO          946    i.delay_us          delay.o
    0x080031ac   0x0000003a   Code   RO         1260    i.dmp_enable_6x_lp_quat  inv_mpu_dmp_motion_driver.o
    0x080031e6   0x00000002   PAD
    0x080031e8   0x000001d8   Code   RO         1261    i.dmp_enable_feature  inv_mpu_dmp_motion_driver.o
    0x080033c0   0x00000044   Code   RO         1262    i.dmp_enable_gyro_cal  inv_mpu_dmp_motion_driver.o
    0x08003404   0x0000003a   Code   RO         1263    i.dmp_enable_lp_quat  inv_mpu_dmp_motion_driver.o
    0x0800343e   0x00000002   PAD
    0x08003440   0x00000014   Code   RO         1268    i.dmp_load_motion_driver_firmware  inv_mpu_dmp_motion_driver.o
    0x08003454   0x00000144   Code   RO         1269    i.dmp_read_fifo     inv_mpu_dmp_motion_driver.o
    0x08003598   0x000000e0   Code   RO         1272    i.dmp_set_accel_bias  inv_mpu_dmp_motion_driver.o
    0x08003678   0x00000064   Code   RO         1273    i.dmp_set_fifo_rate  inv_mpu_dmp_motion_driver.o
    0x080036dc   0x000000d0   Code   RO         1274    i.dmp_set_gyro_bias  inv_mpu_dmp_motion_driver.o
    0x080037ac   0x0000010c   Code   RO         1276    i.dmp_set_orientation  inv_mpu_dmp_motion_driver.o
    0x080038b8   0x00000030   Code   RO         1279    i.dmp_set_shake_reject_thresh  inv_mpu_dmp_motion_driver.o
    0x080038e8   0x00000020   Code   RO         1280    i.dmp_set_shake_reject_time  inv_mpu_dmp_motion_driver.o
    0x08003908   0x00000020   Code   RO         1281    i.dmp_set_shake_reject_timeout  inv_mpu_dmp_motion_driver.o
    0x08003928   0x00000040   Code   RO         1282    i.dmp_set_tap_axes  inv_mpu_dmp_motion_driver.o
    0x08003968   0x00000022   Code   RO         1283    i.dmp_set_tap_count  inv_mpu_dmp_motion_driver.o
    0x0800398a   0x00000002   PAD
    0x0800398c   0x00000128   Code   RO         1284    i.dmp_set_tap_thresh  inv_mpu_dmp_motion_driver.o
    0x08003ab4   0x00000020   Code   RO         1285    i.dmp_set_tap_time  inv_mpu_dmp_motion_driver.o
    0x08003ad4   0x00000020   Code   RO         1286    i.dmp_set_tap_time_multi  inv_mpu_dmp_motion_driver.o
    0x08003af4   0x00000014   Code   RO          894    i.fputc             usart1.o
    0x08003b08   0x000000ac   Code   RO          977    i.get_accel_prod_shift  inv_mpu.o
    0x08003bb4   0x00000002   Code   RO          947    i.get_ms            delay.o
    0x08003bb6   0x00000002   PAD
    0x08003bb8   0x00000314   Code   RO          978    i.get_st_biases     inv_mpu.o
    0x08003ecc   0x000000d4   Code   RO          979    i.gyro_self_test    inv_mpu.o
    0x08003fa0   0x00000070   Code   RO         1442    i.i2cRead           ioi2c.o
    0x08004010   0x00000054   Code   RO         1443    i.i2cWrite          ioi2c.o
    0x08004064   0x00000048   Code   RO         1697    i.inv_row_2_scale   mpu6050.o
    0x080040ac   0x00000088   Code   RO         1809    i.key               key.o
    0x08004134   0x00000028   Code   RO          868    i.led_init          led.o
    0x0800415c   0x000000c4   Code   RO           98    i.main              main.o
    0x08004220   0x00000054   Code   RO          980    i.mpu_configure_fifo  inv_mpu.o
    0x08004274   0x0000003c   Code   RO          981    i.mpu_get_accel_fsr  inv_mpu.o
    0x080042b0   0x00000044   Code   RO          983    i.mpu_get_accel_sens  inv_mpu.o
    0x080042f4   0x00000034   Code   RO          989    i.mpu_get_gyro_fsr  inv_mpu.o
    0x08004328   0x00000040   Code   RO          991    i.mpu_get_gyro_sens  inv_mpu.o
    0x08004368   0x00000038   Code   RO          993    i.mpu_get_lpf       inv_mpu.o
    0x080043a0   0x0000001c   Code   RO          995    i.mpu_get_sample_rate  inv_mpu.o
    0x080043bc   0x00000188   Code   RO          997    i.mpu_init          inv_mpu.o
    0x08004544   0x000000a0   Code   RO          998    i.mpu_load_firmware  inv_mpu.o
    0x080045e4   0x000000b8   Code   RO          999    i.mpu_lp_accel_mode  inv_mpu.o
    0x0800469c   0x00000090   Code   RO         1002    i.mpu_read_fifo_stream  inv_mpu.o
    0x0800472c   0x00000054   Code   RO         1003    i.mpu_read_mem      inv_mpu.o
    0x08004780   0x00000150   Code   RO         1006    i.mpu_reset_fifo    inv_mpu.o
    0x080048d0   0x000000f0   Code   RO         1007    i.mpu_run_self_test  inv_mpu.o
    0x080049c0   0x00000068   Code   RO         1009    i.mpu_set_accel_fsr  inv_mpu.o
    0x08004a28   0x000000dc   Code   RO         1010    i.mpu_set_bypass    inv_mpu.o
    0x08004b04   0x00000078   Code   RO         1012    i.mpu_set_dmp_state  inv_mpu.o
    0x08004b7c   0x0000006c   Code   RO         1013    i.mpu_set_gyro_fsr  inv_mpu.o
    0x08004be8   0x00000064   Code   RO         1014    i.mpu_set_int_latched  inv_mpu.o
    0x08004c4c   0x0000006c   Code   RO         1016    i.mpu_set_lpf       inv_mpu.o
    0x08004cb8   0x00000080   Code   RO         1017    i.mpu_set_sample_rate  inv_mpu.o
    0x08004d38   0x000000b8   Code   RO         1018    i.mpu_set_sensors   inv_mpu.o
    0x08004df0   0x00000054   Code   RO         1019    i.mpu_write_mem     inv_mpu.o
    0x08004e44   0x00000008   Code   RO         1632    i.myabs             timer.o
    0x08004e4c   0x00000014   Code   RO         1546    i.oled_pow          oled.o
    0x08004e60   0x00000260   Code   RO         1908    i.oled_show         show.o
    0x080050c0   0x0000003c   Code   RO         1942    i.readEncoder       minibalance.o
    0x080050fc   0x000000a4   Code   RO         1698    i.run_self_test     mpu6050.o
    0x080051a0   0x00000058   Code   RO         1020    i.set_int_enable    inv_mpu.o
    0x080051f8   0x0000004e   Code   RO         2343    i.sqrt              m_ws.l(sqrt.o)
    0x08005246   0x00000002   PAD
    0x08005248   0x0000011c   Code   RO         1943    i.turn              minibalance.o
    0x08005364   0x000000c4   Code   RO         1788    i.uart3_init        usart3.o
    0x08005428   0x000000ac   Code   RO          895    i.usart1_init       usart1.o
    0x080054d4   0x00000018   Code   RO          896    i.usart1_receive    usart1.o
    0x080054ec   0x000000f4   Code   RO         1944    i.velocity          minibalance.o
    0x080055e0   0x0000000c   Data   RO         1021    .constdata          inv_mpu.o
    0x080055ec   0x0000001b   Data   RO         1022    .constdata          inv_mpu.o
    0x08005607   0x00000001   PAD
    0x08005608   0x00000028   Data   RO         1023    .constdata          inv_mpu.o
    0x08005630   0x0000004e   Data   RO         1024    .constdata          inv_mpu.o
    0x0800567e   0x00000bf6   Data   RO         1288    .constdata          inv_mpu_dmp_motion_driver.o
    0x08006274   0x00000a64   Data   RO         1548    .constdata          oled.o
    0x08006cd8   0x00000050   Data   RO         2005    .constdata          m_ws.l(asin.o)
    0x08006d28   0x00000098   Data   RO         2327    .constdata          m_ws.l(atan.o)
    0x08006dc0   0x00000008   Data   RO         2341    .constdata          m_ws.l(qnan.o)
    0x08006dc8   0x00000020   Data   RO         2397    Region$$Table       anon$$obj.o


    Execution Region RW_IRAM1 (Base: 0x20000000, Size: 0x000009e8, Max: 0x00010000, ABSOLUTE, COMPRESSED[0x00000058])

    Base Addr    Size         Type   Attr      Idx    E Section Name        Object

    0x20000000   0x00000018   Data   RW           99    .data               main.o
    0x20000018   0x00000001   Data   RW          100    .data               main.o
    0x20000019   0x00000001   Data   RW          101    .data               main.o
    0x2000001a   0x00000001   Data   RW          102    .data               main.o
    0x2000001b   0x00000001   Data   RW          103    .data               main.o
    0x2000001c   0x00000004   Data   RW          104    .data               main.o
    0x20000020   0x00000004   Data   RW          105    .data               main.o
    0x20000024   0x00000004   Data   RW          106    .data               main.o
    0x20000028   0x00000004   Data   RW          107    .data               main.o
    0x2000002c   0x00000004   Data   RW          108    .data               main.o
    0x20000030   0x00000014   Data   RW          225    .data               stm32f10x_rcc.o
    0x20000044   0x00000004   Data   RW          869    .data               led.o
    0x20000048   0x00000004   Data   RW          948    .data               delay.o
    0x2000004c   0x0000002c   Data   RW         1025    .data               inv_mpu.o
    0x20000078   0x0000002d   Data   RW         1700    .data               mpu6050.o
    0x200000a5   0x00000003   PAD
    0x200000a8   0x00000014   Data   RW         1789    .data               usart3.o
    0x200000bc   0x00000006   Data   RW         1810    .data               key.o
    0x200000c2   0x00000002   PAD
    0x200000c4   0x00000004   Data   RW         1830    .data               adc.o
    0x200000c8   0x00000054   Data   RW         1855    .data               filter.o
    0x2000011c   0x00000008   Data   RW         1909    .data               show.o
    0x20000124   0x00000044   Data   RW         1946    .data               minibalance.o
    0x20000168   0x00000004   Data   RW         2364    .data               mc_w.l(stdout.o)
    0x2000016c   0x00000004   Data   RW         2378    .data               mc_w.l(errno.o)
    0x20000170   0x00000010   Zero   RW         1287    .bss                inv_mpu_dmp_motion_driver.o
    0x20000180   0x00000400   Zero   RW         1547    .bss                oled.o
    0x20000580   0x00000010   Zero   RW         1854    .bss                filter.o
    0x20000590   0x0000002a   Zero   RW         1880    .bss                datascope_dp.o
    0x200005ba   0x00000002   PAD
    0x200005bc   0x00000028   Zero   RW         1945    .bss                minibalance.o
    0x200005e4   0x00000004   PAD
    0x200005e8   0x00000400   Zero   RW          860    STACK               startup_stm32f10x_hd_vl.o


==============================================================================

Image component sizes


      Code (inc. data)   RO Data    RW Data    ZI Data      Debug   Object Name

       388         48          0          4          0       2084   adc.o
         0          0          0          0          0         32   core_cm3.o
       232         34          0          0         42       3618   datascope_dp.o
       126         14          0          4          0       2936   delay.o
       472         22          0         84         16       2914   filter.o
      4496        278        157         44          0      29133   inv_mpu.o
      2370        116       3062          0         16      22006   inv_mpu_dmp_motion_driver.o
      1070         70          0          0          0      12289   ioi2c.o
       176         28          0          6          0       1409   key.o
        76         20          0          4          0       1247   led.o
       196         12          0         48          0       2947   main.o
      1484        238          0         68         40       8095   minibalance.o
       100         10          0          0          0       3436   misc.o
      1188        396          0         45          0      26104   mpu6050.o
      1138         78       2660          0       1024      11312   oled.o
       808        138          0          8          0       2099   show.o
        36          8        308          0       1024       1008   startup_stm32f10x_hd_vl.o
       166          0          0          0          0      21376   stm32f10x_gpio.o
        18          0          0          0          0     229774   stm32f10x_it.o
       172         24          0         20          0     217241   stm32f10x_rcc.o
       316          4          0          0          0      12340   stm32f10x_usart.o
       248         24          0          0          0       2045   system_stm32f10x.o
       746         68          0          0          0       6893   timer.o
       264         24          0          0          0       3502   usart1.o
       464         44          0         20          0       2803   usart3.o

    ----------------------------------------------------------------------
     16780       1698       6220        360       2168     628643   Object Totals
         0          0         32          0          0          0   (incl. Generated)
        30          0          1          5          6          0   (incl. Padding)

    ----------------------------------------------------------------------

      Code (inc. data)   RO Data    RW Data    ZI Data      Debug   Library Member Name

       636         52         80          0          0        168   asin.o
       548         70        152          0          0        124   atan.o
       384         38          0          0          0        144   atan2.o
        16          6          0          0          0         68   dunder.o
        40          0          0          0          0         68   fpclassify.o
       170          0          0          0          0         96   poly.o
         0          0          8          0          0          0   qnan.o
        78          0          0          0          0         84   sqrt.o
        92          0          0          0          0          0   __dczerorl2.o
         0          0          0          0          0          0   entry.o
         0          0          0          0          0          0   entry10a.o
         0          0          0          0          0          0   entry11a.o
         8          4          0          0          0          0   entry2.o
         4          0          0          0          0          0   entry5.o
         0          0          0          0          0          0   entry7b.o
         0          0          0          0          0          0   entry8b.o
         8          4          0          0          0          0   entry9a.o
        12          6          0          4          0         68   errno.o
        30          0          0          0          0          0   handlers.o
        36          8          0          0          0         68   init.o
         0          0          0          0          0          0   iusefp.o
        90          0          0          0          0         84   ldiv.o
        30          0          0          0          0         68   llshl.o
        36          0          0          0          0         68   llsshr.o
        32          0          0          0          0         68   llushr.o
        26          0          0          0          0         80   memcmp.o
        36          0          0          0          0        108   memseta.o
       372         16          0          0          0        180   printf1.o
         0          0          0          4          0          0   stdout.o
        44          0          0          0          0         80   uidiv.o
        98          0          0          0          0         92   uldiv.o
        56          0          0          0          0         88   d2f.o
       334          0          0          0          0        144   dadd.o
       222          0          0          0          0        100   ddiv.o
       190          0          0          0          0        176   depilogue.o
        62          0          0          0          0         80   dfixi.o
        34          0          0          0          0         76   dflti.o
        26          0          0          0          0         76   dfltui.o
       228          0          0          0          0         92   dmul.o
        46          0          0          0          0         80   dscalb.o
       162          0          0          0          0        100   dsqrt.o
        38          0          0          0          0         68   f2d.o
       176          0          0          0          0        140   fadd.o
       128          0          0          0          0         88   fdiv.o
       108          0          0          0          0        168   fepilogue.o
        50          0          0          0          0         68   ffixi.o
        40          0          0          0          0         68   ffixui.o
        18          0          0          0          0         68   fflti.o
        10          0          0          0          0         68   ffltui.o
       108          0          0          0          0         76   fmul.o
        24          0          0          0          0         68   fscalb.o

    ----------------------------------------------------------------------
      4896        204        240          8          0       3608   Library Totals
        10          0          0          0          0          0   (incl. Padding)

    ----------------------------------------------------------------------

      Code (inc. data)   RO Data    RW Data    ZI Data      Debug   Library Name

      1872        166        240          0          0        752   m_ws.l
       954         38          0          8          0        964   mc_w.l
      2060          0          0          0          0       1892   mf_w.l

    ----------------------------------------------------------------------
      4896        204        240          8          0       3608   Library Totals

    ----------------------------------------------------------------------

==============================================================================


      Code (inc. data)   RO Data    RW Data    ZI Data      Debug   

     21676       1902       6460        368       2168     622579   Grand Totals
     21676       1902       6460         88       2168     622579   ELF Image Totals (compressed)
     21676       1902       6460         88          0          0   ROM Totals

==============================================================================

    Total RO  Size (Code + RO Data)                28136 (  27.48kB)
    Total RW  Size (RW Data + ZI Data)              2536 (   2.48kB)
    Total ROM Size (Code + RO Data + RW Data)      28224 (  27.56kB)

==============================================================================

