<html>
<body>
<pre>
<h1>礦ision Build Log</h1>
<h2>Project:</h2>
E:\Mini Balance - V2.5\Mini Balance V2.5顶配版 平衡小车附送资料\Mini Balance V2.5 标准版源码（集成DMP 卡尔曼滤波 互补滤波）\Project\STM32F10x_StdPeriph_Template\MDK-ARM\Project.uvproj
Project File Date:  05/15/2015

<h2>Output:</h2>
Build target 'STM32F103C8'
linking...
Program Size: Code=21444 RO-data=6460 RW-data=348 ZI-data=2124  
FromELF: creating hex file...
"..\..\..\HEX_OUTPUT\STM32100E-EVAL.axf" - 0 Errors, 0 Warning(s).
Load "..\\..\\..\\HEX_OUTPUT\\STM32100E-EVAL.axf" 
Load "..\\..\\..\\HEX_OUTPUT\\STM32100E-EVAL.axf" 
Load "..\\..\\..\\HEX_OUTPUT\\STM32100E-EVAL.axf" 
Erase Done.
Programming Done.
Verify OK.
Application running ...
Load "..\\..\\..\\HEX_OUTPUT\\STM32100E-EVAL.axf" 
Erase Done.
Programming Done.
Verify OK.
Application running ...
